Archive member included to satisfy reference by file (symbol)

C:\Users\Youss\Documents\MCUXpressoIDE_11.4.0_6237\workspace\lab 2\LPC55S69\mcuxpresso\libpower_hardabi.a(fsl_power_lib.o)
                              ./drivers/fsl_clock.o (POWER_SetVoltageForFreq)
c:/nxp/mcuxpressoide_11.4.0_6237/ide/plugins/com.nxp.mcuxpresso.tools.win32_11.4.0.202103011116/tools/bin/../lib/gcc/arm-none-eabi/10.2.1/../../../../arm-none-eabi/lib/thumb/v8-m.main+fp/hard\libcr_nohost_nf.a(_cr__main.o)
                              ./startup/startup_lpc55s69_cm33_core0.o (__main)
c:/nxp/mcuxpressoide_11.4.0_6237/ide/plugins/com.nxp.mcuxpresso.tools.win32_11.4.0.202103011116/tools/bin/../lib/gcc/arm-none-eabi/10.2.1/../../../../arm-none-eabi/lib/thumb/v8-m.main+fp/hard\libcr_nohost_nf.a(_cr_assert.o)
                              ./drivers/fsl_clock.o (__assertion_failed)
c:/nxp/mcuxpressoide_11.4.0_6237/ide/plugins/com.nxp.mcuxpresso.tools.win32_11.4.0.202103011116/tools/bin/../lib/gcc/arm-none-eabi/10.2.1/../../../../arm-none-eabi/lib/thumb/v8-m.main+fp/hard\libcr_nohost_nf.a(__ciob.o)
                              c:/nxp/mcuxpressoide_11.4.0_6237/ide/plugins/com.nxp.mcuxpresso.tools.win32_11.4.0.202103011116/tools/bin/../lib/gcc/arm-none-eabi/10.2.1/../../../../arm-none-eabi/lib/thumb/v8-m.main+fp/hard\libcr_nohost_nf.a(_cr_assert.o) (__Ciob)
c:/nxp/mcuxpressoide_11.4.0_6237/ide/plugins/com.nxp.mcuxpresso.tools.win32_11.4.0.202103011116/tools/bin/../lib/gcc/arm-none-eabi/10.2.1/../../../../arm-none-eabi/lib/thumb/v8-m.main+fp/hard\libcr_nohost_nf.a(__sys_appexit.o)
                              c:/nxp/mcuxpressoide_11.4.0_6237/ide/plugins/com.nxp.mcuxpresso.tools.win32_11.4.0.202103011116/tools/bin/../lib/gcc/arm-none-eabi/10.2.1/../../../../arm-none-eabi/lib/thumb/v8-m.main+fp/hard\libcr_nohost_nf.a(_cr_assert.o) (__sys_appexit)
c:/nxp/mcuxpressoide_11.4.0_6237/ide/plugins/com.nxp.mcuxpresso.tools.win32_11.4.0.202103011116/tools/bin/../lib/gcc/arm-none-eabi/10.2.1/../../../../arm-none-eabi/lib/thumb/v8-m.main+fp/hard\libcr_c.a(memcpy.o)
                              ./utilities/fsl_str.o (memcpy)
c:/nxp/mcuxpressoide_11.4.0_6237/ide/plugins/com.nxp.mcuxpresso.tools.win32_11.4.0.202103011116/tools/bin/../lib/gcc/arm-none-eabi/10.2.1/../../../../arm-none-eabi/lib/thumb/v8-m.main+fp/hard\libcr_c.a(memset.o)
                              ./utilities/fsl_debug_console.o (memset)
c:/nxp/mcuxpressoide_11.4.0_6237/ide/plugins/com.nxp.mcuxpresso.tools.win32_11.4.0.202103011116/tools/bin/../lib/gcc/arm-none-eabi/10.2.1/../../../../arm-none-eabi/lib/thumb/v8-m.main+fp/hard\libcr_c.a(_deferredlazyseek.o)
                              c:/nxp/mcuxpressoide_11.4.0_6237/ide/plugins/com.nxp.mcuxpresso.tools.win32_11.4.0.202103011116/tools/bin/../lib/gcc/arm-none-eabi/10.2.1/../../../../arm-none-eabi/lib/thumb/v8-m.main+fp/hard\libcr_nohost_nf.a(_cr_assert.o) (__flsbuf)
c:/nxp/mcuxpressoide_11.4.0_6237/ide/plugins/com.nxp.mcuxpresso.tools.win32_11.4.0.202103011116/tools/bin/../lib/gcc/arm-none-eabi/10.2.1/../../../../arm-none-eabi/lib/thumb/v8-m.main+fp/hard\libcr_c.a(_fflush.o)
                              c:/nxp/mcuxpressoide_11.4.0_6237/ide/plugins/com.nxp.mcuxpresso.tools.win32_11.4.0.202103011116/tools/bin/../lib/gcc/arm-none-eabi/10.2.1/../../../../arm-none-eabi/lib/thumb/v8-m.main+fp/hard\libcr_c.a(_deferredlazyseek.o) (_fflush)
c:/nxp/mcuxpressoide_11.4.0_6237/ide/plugins/com.nxp.mcuxpresso.tools.win32_11.4.0.202103011116/tools/bin/../lib/gcc/arm-none-eabi/10.2.1/../../../../arm-none-eabi/lib/thumb/v8-m.main+fp/hard\libcr_c.a(_writebuf.o)
                              c:/nxp/mcuxpressoide_11.4.0_6237/ide/plugins/com.nxp.mcuxpresso.tools.win32_11.4.0.202103011116/tools/bin/../lib/gcc/arm-none-eabi/10.2.1/../../../../arm-none-eabi/lib/thumb/v8-m.main+fp/hard\libcr_c.a(_deferredlazyseek.o) (_Cwritebuf)
c:/nxp/mcuxpressoide_11.4.0_6237/ide/plugins/com.nxp.mcuxpresso.tools.win32_11.4.0.202103011116/tools/bin/../lib/gcc/arm-none-eabi/10.2.1/../../../../arm-none-eabi/lib/thumb/v8-m.main+fp/hard\libcr_c.a(alloc.o)
                              ./drivers/fsl_common.o (malloc)
c:/nxp/mcuxpressoide_11.4.0_6237/ide/plugins/com.nxp.mcuxpresso.tools.win32_11.4.0.202103011116/tools/bin/../lib/gcc/arm-none-eabi/10.2.1/../../../../arm-none-eabi/lib/thumb/v8-m.main+fp/hard\libcr_c.a(errno.o)
                              ./utilities/fsl_str.o (errno)
c:/nxp/mcuxpressoide_11.4.0_6237/ide/plugins/com.nxp.mcuxpresso.tools.win32_11.4.0.202103011116/tools/bin/../lib/gcc/arm-none-eabi/10.2.1/../../../../arm-none-eabi/lib/thumb/v8-m.main+fp/hard\libcr_c.a(fputs.o)
                              c:/nxp/mcuxpressoide_11.4.0_6237/ide/plugins/com.nxp.mcuxpresso.tools.win32_11.4.0.202103011116/tools/bin/../lib/gcc/arm-none-eabi/10.2.1/../../../../arm-none-eabi/lib/thumb/v8-m.main+fp/hard\libcr_nohost_nf.a(_cr_assert.o) (fputs)
[...]
Memory Configuration

Name             Origin             Length             Attributes
PROGRAM_FLASH    0x00000000         0x00098000         xr
SRAM             0x20000000         0x00040000         xrw
SRAMX            0x04000000         0x00008000         xrw
USB_RAM          0x40100000         0x00004000         xrw
SRAM4            0x20040000         0x00004000         xrw
*default*        0x00000000         0xffffffff

Linker script and memory map

LOAD ./utilities/fsl_debug_console.o
LOAD ./utilities/fsl_str.o
LOAD ./startup/boot_multicore_slave.o
LOAD ./startup/startup_lpc55s69_cm33_core0.o
LOAD ./source/lab 2.o
LOAD ./source/semihost_hardfault.o
LOAD ./drivers/fsl_clock.o
LOAD ./drivers/fsl_common.o
LOAD ./drivers/fsl_common_arm.o
LOAD ./drivers/fsl_flexcomm.o
LOAD ./drivers/fsl_gpio.o
LOAD ./drivers/fsl_i2c.o
LOAD ./drivers/fsl_reset.o
LOAD ./drivers/fsl_usart.o
LOAD ./device/system_LPC55S69_cm33_core0.o
LOAD ./component/uart/fsl_adapter_usart.o
LOAD ./component/serial_manager/fsl_component_serial_manager.o
LOAD ./component/serial_manager/fsl_component_serial_port_uart.o
LOAD ./component/lists/fsl_component_generic_list.o
LOAD ./board/board.o
LOAD ./board/clock_config.o
LOAD ./board/peripherals.o
LOAD ./board/pin_mux.o
LOAD ./LPC55S69/drivers/fsl_power.o
LOAD C:\Users\Youss\Documents\MCUXpressoIDE_11.4.0_6237\workspace\lab 2\LPC55S69\mcuxpresso\libpower_hardabi.a
START GROUP
LOAD c:/nxp/mcuxpressoide_11.4.0_6237/ide/plugins/com.nxp.mcuxpresso.tools.win32_11.4.0.202103011116/tools/bin/../lib/gcc/arm-none-eabi/10.2.1/../../../../arm-none-eabi/lib/thumb/v8-m.main+fp/hard\libcr_nohost_nf.a
LOAD c:/nxp/mcuxpressoide_11.4.0_6237/ide/plugins/com.nxp.mcuxpresso.tools.win32_11.4.0.202103011116/tools/bin/../lib/gcc/arm-none-eabi/10.2.1/../../../../arm-none-eabi/lib/thumb/v8-m.main+fp/hard\libcr_c.a
LOAD c:/nxp/mcuxpressoide_11.4.0_6237/ide/plugins/com.nxp.mcuxpresso.tools.win32_11.4.0.202103011116/tools/bin/../lib/gcc/arm-none-eabi/10.2.1/thumb/v8-m.main+fp/hard\libcr_eabihelpers.a
LOAD c:/nxp/mcuxpressoide_11.4.0_6237/ide/plugins/com.nxp.mcuxpresso.tools.win32_11.4.0.202103011116/tools/bin/../lib/gcc/arm-none-eabi/10.2.1/thumb/v8-m.main+fp/hard\libgcc.a
END GROUP
                0x00000000                __base_PROGRAM_FLASH = 0x0
                0x00000000                __base_Flash = 0x0
                0x00098000                __top_PROGRAM_FLASH = 0x98000
                0x00098000                __top_Flash = 0x98000
                0x20000000                __base_SRAM = 0x20000000
                0x20000000                __base_RAM = 0x20000000
                0x20040000                __top_SRAM = 0x20040000
                0x20040000                __top_RAM = 0x20040000
                0x04000000                __base_SRAMX = 0x4000000
                0x04000000                __base_RAM2 = 0x4000000
                0x04008000                __top_SRAMX = 0x4008000
                0x04008000                __top_RAM2 = 0x4008000
                0x40100000                __base_USB_RAM = 0x40100000
                0x40100000                __base_RAM3 = 0x40100000
                0x40104000                __top_USB_RAM = 0x40104000
                0x40104000                __top_RAM3 = 0x40104000
                0x20040000                __base_SRAM4 = 0x20040000
                0x20040000                __base_RAM4 = 0x20040000
                0x20044000                __top_SRAM4 = 0x20044000
                0x20044000                __top_RAM4 = 0x20044000

.text           0x00000000     0x35fc
 FILL mask 0xff
                0x00000000                __vectors_start__ = ABSOLUTE (.)
 *(SORT_BY_ALIGNMENT(.isr_vector))
 .isr_vector    0x00000000      0x130 ./startup/startup_lpc55s69_cm33_core0.o
                0x00000000                g_pfnVectors
                0x00000000                __Vectors
                0x00000130                . = ALIGN (0x4)
                0x00000130                __section_table_start = .
                0x00000130                __data_section_table = .
                0x00000130        0x4 LONG 0x35fc LOADADDR (.data)
                0x00000134        0x4 LONG 0x20000000 ADDR (.data)
                0x00000138        0x4 LONG 0x8 SIZEOF (.data)
                0x0000013c        0x4 LONG 0x35fc LOADADDR (.data_RAM2)
                0x00000140        0x4 LONG 0x4000000 ADDR (.data_RAM2)
                0x00000144        0x4 LONG 0x0 SIZEOF (.data_RAM2)
                0x00000148        0x4 LONG 0x35fc LOADADDR (.data_RAM3)
                0x0000014c        0x4 LONG 0x40100000 ADDR (.data_RAM3)
                0x00000150        0x4 LONG 0x0 SIZEOF (.data_RAM3)
                0x00000154        0x4 LONG 0x35fc LOADADDR (.data_RAM4)
                0x00000158        0x4 LONG 0x20040000 ADDR (.data_RAM4)
                0x0000015c        0x4 LONG 0x0 SIZEOF (.data_RAM4)
                0x00000160                __data_section_table_end = .
                0x00000160                __bss_section_table = .
                0x00000160        0x4 LONG 0x20000008 ADDR (.bss)
                0x00000164        0x4 LONG 0x138 SIZEOF (.bss)
                0x00000168        0x4 LONG 0x4000000 ADDR (.bss_RAM2)
                0x0000016c        0x4 LONG 0x0 SIZEOF (.bss_RAM2)
                0x00000170        0x4 LONG 0x40100000 ADDR (.bss_RAM3)
                0x00000174        0x4 LONG 0x0 SIZEOF (.bss_RAM3)
                0x00000178        0x4 LONG 0x20040000 ADDR (.bss_RAM4)
                0x0000017c        0x4 LONG 0x0 SIZEOF (.bss_RAM4)
                0x00000180                __bss_section_table_end = .
                0x00000180                __section_table_end = .
 *(SORT_BY_ALIGNMENT(.after_vectors*))
 .after_vectors.reset
                0x00000180       0x68 ./startup/startup_lpc55s69_cm33_core0.o
                0x00000180                ResetISR
 .after_vectors.init_data
                0x000001e8       0x1e ./startup/startup_lpc55s69_cm33_core0.o
                0x000001e8                data_init
 .after_vectors.init_bss
                0x00000206       0x12 ./startup/startup_lpc55s69_cm33_core0.o
                0x00000206                bss_init
 .after_vectors
                0x00000218       0x16 ./startup/startup_lpc55s69_cm33_core0.o
                0x00000218                NMI_Handler
                0x0000021c                MemManage_Handler
                0x0000021e                BusFault_Handler
                0x00000220                UsageFault_Handler
                0x00000222                SecureFault_Handler
                0x00000224                SVC_Handler
                0x00000226                DebugMon_Handler
                0x00000228                PendSV_Handler
                0x0000022a                SysTick_Handler
                0x0000022c                Reserved56_DriverIRQHandler
                0x0000022c                PIN_INT0_DriverIRQHandler
                0x0000022c                CTIMER2_DriverIRQHandler
                0x0000022c                PIN_INT2_DriverIRQHandler
                0x0000022c                PIN_INT3_DriverIRQHandler
                0x0000022c                IntDefaultHandler
                0x0000022c                USB0_DriverIRQHandler
                0x0000022c                CASER_DriverIRQHandler
                0x0000022c                MRT0_DriverIRQHandler
                0x0000022c                UTICK0_DriverIRQHandler
                0x0000022c                Reserved41_DriverIRQHandler
                0x0000022c                PIN_INT4_DriverIRQHandler
                0x0000022c                PIN_INT5_DriverIRQHandler
                0x0000022c                SEC_GPIO_INT0_IRQ0_DriverIRQHandler
                0x0000022c                CTIMER4_DriverIRQHandler
                0x0000022c                GINT1_DriverIRQHandler
                0x0000022c                PIN_INT7_DriverIRQHandler
                0x0000022c                Reserved55_DriverIRQHandler
                0x0000022c                SEC_VIO_DriverIRQHandler
                0x0000022c                USB0_NEEDCLK_DriverIRQHandler
                0x0000022c                CTIMER0_DriverIRQHandler
                0x0000022c                CTIMER1_DriverIRQHandler
                0x0000022c                Reserved42_DriverIRQHandler
                0x0000022c                PIN_INT6_DriverIRQHandler
                0x0000022c                PQ_DriverIRQHandler
                0x0000022c                MAILBOX_DriverIRQHandler
                0x0000022c                PIN_INT1_DriverIRQHandler
                0x0000022c                CTIMER3_DriverIRQHandler
                0x0000022c                Reserved61_DriverIRQHandler
                0x0000022c                SEC_GPIO_INT0_IRQ1_DriverIRQHandler
                0x0000022c                PUF_DriverIRQHandler
                0x0000022c                RTC_DriverIRQHandler
                0x0000022c                DMA0_DriverIRQHandler
                0x0000022c                Reserved39_DriverIRQHandler
                0x0000022c                USB1_DriverIRQHandler
                0x0000022c                Reserved60_DriverIRQHandler
                0x0000022c                DMA1_DriverIRQHandler
                0x0000022c                ADC0_DriverIRQHandler
                0x0000022c                USB1_NEEDCLK_DriverIRQHandler
                0x0000022c                Reserved59_DriverIRQHandler
                0x0000022c                SDIO_DriverIRQHandler
                0x0000022c                GINT0_DriverIRQHandler
                0x0000022c                USB1_PHY_DriverIRQHandler
                0x0000022c                ACMP_DriverIRQHandler
                0x0000022c                Reserved57_DriverIRQHandler
                0x0000022c                HASHCRYPT_DriverIRQHandler
                0x0000022c                Reserved46_DriverIRQHandler
                0x0000022c                WDT_BOD_DriverIRQHandler
                0x0000022c                SCT0_DriverIRQHandler
                0x0000022c                PLU_DriverIRQHandler
                0x0000022c                OS_EVENT_DriverIRQHandler
                0x0000022c                SEC_HYPERVISOR_CALL_DriverIRQHandler
 *(SORT_BY_ALIGNMENT(.text*))
 *fill*         0x0000022e        0x2 ff
 .text.DbgConsole_SendDataReliable
                0x00000230       0x54 ./utilities/fsl_debug_console.o
                0x00000230                DbgConsole_SendDataReliable
 .text.DbgConsole_Init
                0x00000284      0x118 ./utilities/fsl_debug_console.o
                0x00000284                DbgConsole_Init
 .text.DbgConsole_Printf
                0x0000039c       0x78 ./utilities/fsl_debug_console.o
                0x0000039c                DbgConsole_Printf
 .text.main     0x00000414       0x30 ./source/lab 2.o
                0x00000414                main
 .text.POWER_EnablePD
                0x00000444       0x20 ./drivers/fsl_clock.o
 .text.POWER_DisablePD
                0x00000464       0x20 ./drivers/fsl_clock.o
 .text.CLOCK_AttachClk
                0x00000484       0x98 ./drivers/fsl_clock.o
                0x00000484                CLOCK_AttachClk
 .text.CLOCK_SetClkDiv
                0x0000051c       0x80 ./drivers/fsl_clock.o
                0x0000051c                CLOCK_SetClkDiv
 .text.CLOCK_SetupFROClocking
                0x0000059c       0x80 ./drivers/fsl_clock.o
                0x0000059c                CLOCK_SetupFROClocking
 .text.CLOCK_SetFLASHAccessCyclesForFreq
                0x0000061c      0x148 ./drivers/fsl_clock.o
                0x0000061c                CLOCK_SetFLASHAccessCyclesForFreq
 .text.CLOCK_SetupExtClocking
                0x00000764       0x50 ./drivers/fsl_clock.o
                0x00000764                CLOCK_SetupExtClocking
 .text.CLOCK_GetFro1MFreq
                0x000007b4       0x28 ./drivers/fsl_clock.o
                0x000007b4                CLOCK_GetFro1MFreq
 .text.CLOCK_GetExtClkFreq
                0x000007dc       0x2c ./drivers/fsl_clock.o
                0x000007dc                CLOCK_GetExtClkFreq
 .text.CLOCK_GetOsc32KFreq
                0x00000808       0x58 ./drivers/fsl_clock.o
                0x00000808                CLOCK_GetOsc32KFreq
 .text.CLOCK_GetPLL0InClockRate
                0x00000860       0x64 ./drivers/fsl_clock.o
                0x00000860                CLOCK_GetPLL0InClockRate
 .text.CLOCK_SetPLL0Freq
                0x000008c4      0x12c ./drivers/fsl_clock.o
                0x000008c4                CLOCK_SetPLL0Freq
 .text.SDK_DelayAtLeastUs
                0x000009f0       0x8c ./drivers/fsl_common_arm.o
                0x000009f0                SDK_DelayAtLeastUs
 .text.FLEXCOMM_GetInstance
                0x00000a7c       0x50 ./drivers/fsl_flexcomm.o
                0x00000a7c                FLEXCOMM_GetInstance
 .text.FLEXCOMM_Init
                0x00000acc       0x50 ./drivers/fsl_flexcomm.o
                0x00000acc                FLEXCOMM_Init
 .text.FLEXCOMM0_DriverIRQHandler
                0x00000b1c       0x5c ./drivers/fsl_flexcomm.o
                0x00000b1c                FLEXCOMM0_DriverIRQHandler
 .text.FLEXCOMM1_DriverIRQHandler
                0x00000b78       0x5c ./drivers/fsl_flexcomm.o
                0x00000b78                FLEXCOMM1_DriverIRQHandler
 .text.FLEXCOMM2_DriverIRQHandler
                0x00000bd4       0x5c ./drivers/fsl_flexcomm.o
                0x00000bd4                FLEXCOMM2_DriverIRQHandler
 .text.FLEXCOMM3_DriverIRQHandler
                0x00000c30       0x5c ./drivers/fsl_flexcomm.o
                0x00000c30                FLEXCOMM3_DriverIRQHandler
 .text.FLEXCOMM4_DriverIRQHandler
                0x00000c8c       0x5c ./drivers/fsl_flexcomm.o
                0x00000c8c                FLEXCOMM4_DriverIRQHandler
 .text.FLEXCOMM5_DriverIRQHandler
                0x00000ce8       0x5c ./drivers/fsl_flexcomm.o
                0x00000ce8                FLEXCOMM5_DriverIRQHandler
 .text.FLEXCOMM6_DriverIRQHandler
                0x00000d44       0x5c ./drivers/fsl_flexcomm.o
                0x00000d44                FLEXCOMM6_DriverIRQHandler
 .text.FLEXCOMM7_DriverIRQHandler
                0x00000da0       0x5c ./drivers/fsl_flexcomm.o
                0x00000da0                FLEXCOMM7_DriverIRQHandler
 .text.FLEXCOMM8_DriverIRQHandler
                0x00000dfc       0x5c ./drivers/fsl_flexcomm.o
                0x00000dfc                FLEXCOMM8_DriverIRQHandler
 .text.RESET_SetPeripheralReset
                0x00000e58       0x5c ./drivers/fsl_reset.o
                0x00000e58                RESET_SetPeripheralReset
 .text.RESET_ClearPeripheralReset
                0x00000eb4       0x60 ./drivers/fsl_reset.o
                0x00000eb4                RESET_ClearPeripheralReset
 .text.USART_Init
                0x00000f14      0x1cc ./drivers/fsl_usart.o
                0x00000f14                USART_Init
 .text.USART_GetDefaultConfig
                0x000010e0       0x80 ./drivers/fsl_usart.o
                0x000010e0                USART_GetDefaultConfig
 .text.USART_SetBaudRate
                0x00001160      0x174 ./drivers/fsl_usart.o
                0x00001160                USART_SetBaudRate
 .text.USART_WriteBlocking
                0x000012d4       0x8c ./drivers/fsl_usart.o
                0x000012d4                USART_WriteBlocking
 .text.SystemInit
                0x00001360       0x64 ./device/system_LPC55S69_cm33_core0.o
                0x00001360                SystemInit
 .text.HAL_UartInitCommon
                0x000013c4      0x110 ./component/uart/fsl_adapter_usart.o
 .text.HAL_UartSendBlocking
                0x000014d4       0x64 ./component/uart/fsl_adapter_usart.o
                0x000014d4                HAL_UartSendBlocking
 .text.BOARD_InitDebugConsole
                0x00001538       0x38 ./board/board.o
                0x00001538                BOARD_InitDebugConsole
 .text.POWER_DisablePD
                0x00001570       0x20 ./board/clock_config.o
 .text.BOARD_BootClockPLL150M
                0x00001590       0xe0 ./board/clock_config.o
                0x00001590                BOARD_BootClockPLL150M
 .text.BOARD_InitDEBUG_UARTPins
                0x00001670       0x3c ./board/pin_mux.o
                0x00001670                BOARD_InitDEBUG_UARTPins
 .text.lowpower_set_system_voltage
                0x000016ac       0xa0 C:\Users\Youss\Documents\MCUXpressoIDE_11.4.0_6237\workspace\lab 2\LPC55S69\mcuxpresso\libpower_hardabi.a(fsl_power_lib.o)
 .text.lowpower_set_voltage_for_process
                0x0000174c       0x84 C:\Users\Youss\Documents\MCUXpressoIDE_11.4.0_6237\workspace\lab 2\LPC55S69\mcuxpresso\libpower_hardabi.a(fsl_power_lib.o)
 .text.POWER_SetVoltageForFreq
                0x000017d0       0x84 C:\Users\Youss\Documents\MCUXpressoIDE_11.4.0_6237\workspace\lab 2\LPC55S69\mcuxpresso\libpower_hardabi.a(fsl_power_lib.o)
                0x000017d0                POWER_SetVoltageForFreq
 .text.__assertion_failed
                0x00001854       0x4c c:/nxp/mcuxpressoide_11.4.0_6237/ide/plugins/com.nxp.mcuxpresso.tools.win32_11.4.0.202103011116/tools/bin/../lib/gcc/arm-none-eabi/10.2.1/../../../../arm-none-eabi/lib/thumb/v8-m.main+fp/hard\libcr_nohost_nf.a(_cr_assert.o)
                0x00001854                __assertion_failed
 .text._Cwritebuf
                0x000018a0       0x6c c:/nxp/mcuxpressoide_11.4.0_6237/ide/plugins/com.nxp.mcuxpresso.tools.win32_11.4.0.202103011116/tools/bin/../lib/gcc/arm-none-eabi/10.2.1/../../../../arm-none-eabi/lib/thumb/v8-m.main+fp/hard\libcr_c.a(_writebuf.o)
                0x000018a0                _Cwritebuf
 .text.malloc   0x0000190c       0xc8 c:/nxp/mcuxpressoide_11.4.0_6237/ide/plugins/com.nxp.mcuxpresso.tools.win32_11.4.0.202103011116/tools/bin/../lib/gcc/arm-none-eabi/10.2.1/../../../../arm-none-eabi/lib/thumb/v8-m.main+fp/hard\libcr_c.a(alloc.o)
                0x0000190c                malloc
 .text._Csys_alloc
                0x000019d4       0x20 c:/nxp/mcuxpressoide_11.4.0_6237/ide/plugins/com.nxp.mcuxpresso.tools.win32_11.4.0.202103011116/tools/bin/../lib/gcc/arm-none-eabi/10.2.1/../../../../arm-none-eabi/lib/thumb/v8-m.main+fp/hard\libcr_c.a(alloc.o)
                0x000019d4                _Csys_alloc
 .text.fseek    0x000019f4      0x100 c:/nxp/mcuxpressoide_11.4.0_6237/ide/plugins/com.nxp.mcuxpresso.tools.win32_11.4.0.202103011116/tools/bin/../lib/gcc/arm-none-eabi/10.2.1/../../../../arm-none-eabi/lib/thumb/v8-m.main+fp/hard\libcr_c.a(fseek.o)
                0x000019f4                fseek
 .text.ftell    0x00001af4       0x44 c:/nxp/mcuxpressoide_11.4.0_6237/ide/plugins/com.nxp.mcuxpresso.tools.win32_11.4.0.202103011116/tools/bin/../lib/gcc/arm-none-eabi/10.2.1/../../../../arm-none-eabi/lib/thumb/v8-m.main+fp/hard\libcr_c.a(ftell.o)
                0x00001af4                ftell
 .text._initio  0x00001b38       0x78 c:/nxp/mcuxpressoide_11.4.0_6237/ide/plugins/com.nxp.mcuxpresso.tools.win32_11.4.0.202103011116/tools/bin/../lib/gcc/arm-none-eabi/10.2.1/../../../../arm-none-eabi/lib/thumb/v8-m.main+fp/hard\libcr_c.a(initio.o)
                0x00001b38                _initio
 .text._sbrk    0x00001bb0       0x3c c:/nxp/mcuxpressoide_11.4.0_6237/ide/plugins/com.nxp.mcuxpresso.tools.win32_11.4.0.202103011116/tools/bin/../lib/gcc/arm-none-eabi/10.2.1/../../../../arm-none-eabi/lib/thumb/v8-m.main+fp/hard\libcr_c.a(_cr_sbrk.o)
                0x00001bb0                _sbrk
 .text.fflush   0x00001bec       0x3c c:/nxp/mcuxpressoide_11.4.0_6237/ide/plugins/com.nxp.mcuxpresso.tools.win32_11.4.0.202103011116/tools/bin/../lib/gcc/arm-none-eabi/10.2.1/../../../../arm-none-eabi/lib/thumb/v8-m.main+fp/hard\libcr_c.a(fflush.o)
                0x00001bec                fflush
 .text.__check_heap_overflow
                0x00001c28       0x18 c:/nxp/mcuxpressoide_11.4.0_6237/ide/plugins/com.nxp.mcuxpresso.tools.win32_11.4.0.202103011116/tools/bin/../lib/gcc/arm-none-eabi/10.2.1/../../../../arm-none-eabi/lib/thumb/v8-m.main+fp/hard\libcr_c.a(_cr_check_heap.o)
                0x00001c28                __check_heap_overflow
 .text.DbgConsole_PrintCallback
                0x00001c40       0x66 ./utilities/fsl_debug_console.o
 .text.PrintGetWidth
                0x00001ca6       0x6a ./utilities/fsl_str.o
 .text.PrintGetPrecision
                0x00001d10       0x8c ./utilities/fsl_str.o
 .text.PrintIsobpu
                0x00001d9c       0x38 ./utilities/fsl_str.o
 .text.PrintIsdi
                0x00001dd4       0x2c ./utilities/fsl_str.o
 .text.PrintOutputdifFobpu
                0x00001e00       0x44 ./utilities/fsl_str.o
 .text.PrintOutputxX
                0x00001e44       0x44 ./utilities/fsl_str.o
 .text.PrintIsfF
                0x00001e88       0x2c ./utilities/fsl_str.o
 .text.PrintIsxX
                0x00001eb4       0x2c ./utilities/fsl_str.o
 .text.PrintFilterLengthFlag
                0x00001ee0       0x3e ./utilities/fsl_str.o
 .text.PrintGetRadixFromobpu
                0x00001f1e       0x40 ./utilities/fsl_str.o
 .text.ConvertRadixNumToString
                0x00001f5e      0x114 ./utilities/fsl_str.o
 .text.StrFormatPrintf
                0x00002072      0x290 ./utilities/fsl_str.o
                0x00002072                StrFormatPrintf
 .text.WDT_BOD_IRQHandler
                0x00002302        0x8 ./startup/startup_lpc55s69_cm33_core0.o
                0x00002302                WDT_BOD_IRQHandler
 .text.DMA0_IRQHandler
                0x0000230a        0x8 ./startup/startup_lpc55s69_cm33_core0.o
                0x0000230a                DMA0_IRQHandler
 .text.GINT0_IRQHandler
                0x00002312        0x8 ./startup/startup_lpc55s69_cm33_core0.o
                0x00002312                GINT0_IRQHandler
 .text.GINT1_IRQHandler
                0x0000231a        0x8 ./startup/startup_lpc55s69_cm33_core0.o
                0x0000231a                GINT1_IRQHandler
 .text.PIN_INT0_IRQHandler
                0x00002322        0x8 ./startup/startup_lpc55s69_cm33_core0.o
                0x00002322                PIN_INT0_IRQHandler
 .text.PIN_INT1_IRQHandler
                0x0000232a        0x8 ./startup/startup_lpc55s69_cm33_core0.o
                0x0000232a                PIN_INT1_IRQHandler
 .text.PIN_INT2_IRQHandler
                0x00002332        0x8 ./startup/startup_lpc55s69_cm33_core0.o
                0x00002332                PIN_INT2_IRQHandler
 .text.PIN_INT3_IRQHandler
                0x0000233a        0x8 ./startup/startup_lpc55s69_cm33_core0.o
                0x0000233a                PIN_INT3_IRQHandler
 .text.UTICK0_IRQHandler
                0x00002342        0x8 ./startup/startup_lpc55s69_cm33_core0.o
                0x00002342                UTICK0_IRQHandler
 .text.MRT0_IRQHandler
                0x0000234a        0x8 ./startup/startup_lpc55s69_cm33_core0.o
                0x0000234a                MRT0_IRQHandler
 .text.CTIMER0_IRQHandler
                0x00002352        0x8 ./startup/startup_lpc55s69_cm33_core0.o
                0x00002352                CTIMER0_IRQHandler
 .text.CTIMER1_IRQHandler
                0x0000235a        0x8 ./startup/startup_lpc55s69_cm33_core0.o
                0x0000235a                CTIMER1_IRQHandler
 .text.SCT0_IRQHandler
                0x00002362        0x8 ./startup/startup_lpc55s69_cm33_core0.o
                0x00002362                SCT0_IRQHandler
 .text.CTIMER3_IRQHandler
                0x0000236a        0x8 ./startup/startup_lpc55s69_cm33_core0.o
                0x0000236a                CTIMER3_IRQHandler
 .text.FLEXCOMM0_IRQHandler
                0x00002372        0x8 ./startup/startup_lpc55s69_cm33_core0.o
                0x00002372                FLEXCOMM0_IRQHandler
 .text.FLEXCOMM1_IRQHandler
                0x0000237a        0x8 ./startup/startup_lpc55s69_cm33_core0.o
                0x0000237a                FLEXCOMM1_IRQHandler
 .text.FLEXCOMM2_IRQHandler
                0x00002382        0x8 ./startup/startup_lpc55s69_cm33_core0.o
                0x00002382                FLEXCOMM2_IRQHandler
 .text.FLEXCOMM3_IRQHandler
                0x0000238a        0x8 ./startup/startup_lpc55s69_cm33_core0.o
                0x0000238a                FLEXCOMM3_IRQHandler
 .text.FLEXCOMM4_IRQHandler
                0x00002392        0x8 ./startup/startup_lpc55s69_cm33_core0.o
                0x00002392                FLEXCOMM4_IRQHandler
 .text.FLEXCOMM5_IRQHandler
                0x0000239a        0x8 ./startup/startup_lpc55s69_cm33_core0.o
                0x0000239a                FLEXCOMM5_IRQHandler
 .text.FLEXCOMM6_IRQHandler
                0x000023a2        0x8 ./startup/startup_lpc55s69_cm33_core0.o
                0x000023a2                FLEXCOMM6_IRQHandler
 .text.FLEXCOMM7_IRQHandler
                0x000023aa        0x8 ./startup/startup_lpc55s69_cm33_core0.o
                0x000023aa                FLEXCOMM7_IRQHandler
 .text.ADC0_IRQHandler
                0x000023b2        0x8 ./startup/startup_lpc55s69_cm33_core0.o
                0x000023b2                ADC0_IRQHandler
 .text.Reserved39_IRQHandler
                0x000023ba        0x8 ./startup/startup_lpc55s69_cm33_core0.o
                0x000023ba                Reserved39_IRQHandler
 .text.ACMP_IRQHandler
                0x000023c2        0x8 ./startup/startup_lpc55s69_cm33_core0.o
                0x000023c2                ACMP_IRQHandler
 .text.Reserved41_IRQHandler
                0x000023ca        0x8 ./startup/startup_lpc55s69_cm33_core0.o
                0x000023ca                Reserved41_IRQHandler
 .text.Reserved42_IRQHandler
                0x000023d2        0x8 ./startup/startup_lpc55s69_cm33_core0.o
                0x000023d2                Reserved42_IRQHandler
 .text.USB0_NEEDCLK_IRQHandler
                0x000023da        0x8 ./startup/startup_lpc55s69_cm33_core0.o
                0x000023da                USB0_NEEDCLK_IRQHandler
 .text.USB0_IRQHandler
                0x000023e2        0x8 ./startup/startup_lpc55s69_cm33_core0.o
                0x000023e2                USB0_IRQHandler
 .text.RTC_IRQHandler
                0x000023ea        0x8 ./startup/startup_lpc55s69_cm33_core0.o
                0x000023ea                RTC_IRQHandler
 .text.Reserved46_IRQHandler
                0x000023f2        0x8 ./startup/startup_lpc55s69_cm33_core0.o
                0x000023f2                Reserved46_IRQHandler
 .text.MAILBOX_IRQHandler
                0x000023fa        0x8 ./startup/startup_lpc55s69_cm33_core0.o
                0x000023fa                MAILBOX_IRQHandler
 .text.PIN_INT4_IRQHandler
                0x00002402        0x8 ./startup/startup_lpc55s69_cm33_core0.o
                0x00002402                PIN_INT4_IRQHandler
 .text.PIN_INT5_IRQHandler
                0x0000240a        0x8 ./startup/startup_lpc55s69_cm33_core0.o
                0x0000240a                PIN_INT5_IRQHandler
 .text.PIN_INT6_IRQHandler
                0x00002412        0x8 ./startup/startup_lpc55s69_cm33_core0.o
                0x00002412                PIN_INT6_IRQHandler
 .text.PIN_INT7_IRQHandler
                0x0000241a        0x8 ./startup/startup_lpc55s69_cm33_core0.o
                0x0000241a                PIN_INT7_IRQHandler
 .text.CTIMER2_IRQHandler
                0x00002422        0x8 ./startup/startup_lpc55s69_cm33_core0.o
                0x00002422                CTIMER2_IRQHandler
 .text.CTIMER4_IRQHandler
                0x0000242a        0x8 ./startup/startup_lpc55s69_cm33_core0.o
                0x0000242a                CTIMER4_IRQHandler
 .text.OS_EVENT_IRQHandler
                0x00002432        0x8 ./startup/startup_lpc55s69_cm33_core0.o
                0x00002432                OS_EVENT_IRQHandler
 .text.Reserved55_IRQHandler
                0x0000243a        0x8 ./startup/startup_lpc55s69_cm33_core0.o
                0x0000243a                Reserved55_IRQHandler
 .text.Reserved56_IRQHandler
                0x00002442        0x8 ./startup/startup_lpc55s69_cm33_core0.o
                0x00002442                Reserved56_IRQHandler
 .text.Reserved57_IRQHandler
                0x0000244a        0x8 ./startup/startup_lpc55s69_cm33_core0.o
                0x0000244a                Reserved57_IRQHandler
 .text.SDIO_IRQHandler
                0x00002452        0x8 ./startup/startup_lpc55s69_cm33_core0.o
                0x00002452                SDIO_IRQHandler
 .text.Reserved59_IRQHandler
                0x0000245a        0x8 ./startup/startup_lpc55s69_cm33_core0.o
                0x0000245a                Reserved59_IRQHandler
 .text.Reserved60_IRQHandler
                0x00002462        0x8 ./startup/startup_lpc55s69_cm33_core0.o
                0x00002462                Reserved60_IRQHandler
 .text.Reserved61_IRQHandler
                0x0000246a        0x8 ./startup/startup_lpc55s69_cm33_core0.o
                0x0000246a                Reserved61_IRQHandler
 .text.USB1_PHY_IRQHandler
                0x00002472        0x8 ./startup/startup_lpc55s69_cm33_core0.o
                0x00002472                USB1_PHY_IRQHandler
 .text.USB1_IRQHandler
                0x0000247a        0x8 ./startup/startup_lpc55s69_cm33_core0.o
                0x0000247a                USB1_IRQHandler
 .text.USB1_NEEDCLK_IRQHandler
                0x00002482        0x8 ./startup/startup_lpc55s69_cm33_core0.o
                0x00002482                USB1_NEEDCLK_IRQHandler
 .text.SEC_HYPERVISOR_CALL_IRQHandler
                0x0000248a        0x8 ./startup/startup_lpc55s69_cm33_core0.o
                0x0000248a                SEC_HYPERVISOR_CALL_IRQHandler
 .text.SEC_GPIO_INT0_IRQ0_IRQHandler
                0x00002492        0x8 ./startup/startup_lpc55s69_cm33_core0.o
                0x00002492                SEC_GPIO_INT0_IRQ0_IRQHandler
 .text.SEC_GPIO_INT0_IRQ1_IRQHandler
                0x0000249a        0x8 ./startup/startup_lpc55s69_cm33_core0.o
                0x0000249a                SEC_GPIO_INT0_IRQ1_IRQHandler
 .text.PLU_IRQHandler
                0x000024a2        0x8 ./startup/startup_lpc55s69_cm33_core0.o
                0x000024a2                PLU_IRQHandler
 .text.SEC_VIO_IRQHandler
                0x000024aa        0x8 ./startup/startup_lpc55s69_cm33_core0.o
                0x000024aa                SEC_VIO_IRQHandler
 .text.HASHCRYPT_IRQHandler
                0x000024b2        0x8 ./startup/startup_lpc55s69_cm33_core0.o
                0x000024b2                HASHCRYPT_IRQHandler
 .text.CASER_IRQHandler
                0x000024ba        0x8 ./startup/startup_lpc55s69_cm33_core0.o
                0x000024ba                CASER_IRQHandler
 .text.PUF_IRQHandler
                0x000024c2        0x8 ./startup/startup_lpc55s69_cm33_core0.o
                0x000024c2                PUF_IRQHandler
 .text.PQ_IRQHandler
                0x000024ca        0x8 ./startup/startup_lpc55s69_cm33_core0.o
                0x000024ca                PQ_IRQHandler
 .text.DMA1_IRQHandler
                0x000024d2        0x8 ./startup/startup_lpc55s69_cm33_core0.o
                0x000024d2                DMA1_IRQHandler
 .text.FLEXCOMM8_IRQHandler
                0x000024da        0x8 ./startup/startup_lpc55s69_cm33_core0.o
                0x000024da                FLEXCOMM8_IRQHandler
 .text.HardFault_Handler
                0x000024e2       0x2c ./source/semihost_hardfault.o
                0x000024e2                HardFault_Handler
 .text.CLOCK_IsPLL0Locked
                0x0000250e       0x24 ./drivers/fsl_clock.o
 .text.findPll0PreDiv
                0x00002532       0x3e ./drivers/fsl_clock.o
 .text.DelayLoop
                0x00002570       0x20 ./drivers/fsl_common_arm.o
 .text.CLOCK_EnableClock
                0x00002590       0x30 ./drivers/fsl_flexcomm.o
 .text.FLEXCOMM_PeripheralIsPresent
                0x000025c0       0x64 ./drivers/fsl_flexcomm.o
 .text.FLEXCOMM_SetPeriph
                0x00002624       0x74 ./drivers/fsl_flexcomm.o
 .text.RESET_PeripheralReset
                0x00002698       0x1c ./drivers/fsl_reset.o
                0x00002698                RESET_PeripheralReset
 .text.USART_EnableContinuousSCLK
                0x000026b4       0x38 ./drivers/fsl_usart.o
 .text.SystemInitHook
                0x000026ec        0xe ./device/system_LPC55S69_cm33_core0.o
                0x000026ec                SystemInitHook
 .text.HAL_UartGetStatus
                0x000026fa       0x22 ./component/uart/fsl_adapter_usart.o
 .text.HAL_UartInit
                0x0000271c       0x36 ./component/uart/fsl_adapter_usart.o
                0x0000271c                HAL_UartInit
 .text.DisableGlobalIRQ
                0x00002752       0x22 ./component/serial_manager/fsl_component_serial_manager.o
 .text.EnableGlobalIRQ
                0x00002774       0x20 ./component/serial_manager/fsl_component_serial_manager.o
 .text.SerialManager_StartWriting
                0x00002794       0x38 ./component/serial_manager/fsl_component_serial_manager.o
 .text.SerialManager_Write
                0x000027cc       0x44 ./component/serial_manager/fsl_component_serial_manager.o
 .text.SerialManager_Init
                0x00002810       0x60 ./component/serial_manager/fsl_component_serial_manager.o
                0x00002810                SerialManager_Init
 .text.SerialManager_OpenWriteHandle
                0x00002870       0x50 ./component/serial_manager/fsl_component_serial_manager.o
                0x00002870                SerialManager_OpenWriteHandle
 .text.SerialManager_OpenReadHandle
                0x000028c0       0x60 ./component/serial_manager/fsl_component_serial_manager.o
                0x000028c0                SerialManager_OpenReadHandle
 .text.SerialManager_WriteBlocking
                0x00002920       0x20 ./component/serial_manager/fsl_component_serial_manager.o
                0x00002920                SerialManager_WriteBlocking
 .text.Serial_UartInit
                0x00002940       0x3e ./component/serial_manager/fsl_component_serial_port_uart.o
                0x00002940                Serial_UartInit
 .text.Serial_UartWrite
                0x0000297e       0x38 ./component/serial_manager/fsl_component_serial_port_uart.o
                0x0000297e                Serial_UartWrite
 .text.BOARD_InitBootClocks
                0x000029b6        0xc ./board/clock_config.o
                0x000029b6                BOARD_InitBootClocks
 .text.BOARD_InitPeripherals_cm33_core0
                0x000029c2        0xe ./board/peripherals.o
                0x000029c2                BOARD_InitPeripherals_cm33_core0
 .text.BOARD_InitBootPeripherals
                0x000029d0        0xc ./board/peripherals.o
                0x000029d0                BOARD_InitBootPeripherals
 .text.CLOCK_EnableClock
                0x000029dc       0x30 ./board/pin_mux.o
 .text.IOCON_PinMuxSet
                0x00002a0c       0x2e ./board/pin_mux.o
 .text.BOARD_InitBootPins
                0x00002a3a        0xc ./board/pin_mux.o
                0x00002a3a                BOARD_InitBootPins
 .text.__main   0x00002a46        0xe c:/nxp/mcuxpressoide_11.4.0_6237/ide/plugins/com.nxp.mcuxpresso.tools.win32_11.4.0.202103011116/tools/bin/../lib/gcc/arm-none-eabi/10.2.1/../../../../arm-none-eabi/lib/thumb/v8-m.main+fp/hard\libcr_nohost_nf.a(_cr__main.o)
                0x00002a46                __main
 .text.__sys_appexit
                0x00002a54        0x2 c:/nxp/mcuxpressoide_11.4.0_6237/ide/plugins/com.nxp.mcuxpresso.tools.win32_11.4.0.202103011116/tools/bin/../lib/gcc/arm-none-eabi/10.2.1/../../../../arm-none-eabi/lib/thumb/v8-m.main+fp/hard\libcr_nohost_nf.a(__sys_appexit.o)
                0x00002a54                __sys_appexit
                0x00002a54                __exit
 .text.memset   0x00002a56        0x4 c:/nxp/mcuxpressoide_11.4.0_6237/ide/plugins/com.nxp.mcuxpresso.tools.win32_11.4.0.202103011116/tools/bin/../lib/gcc/arm-none-eabi/10.2.1/../../../../arm-none-eabi/lib/thumb/v8-m.main+fp/hard\libcr_c.a(memset.o)
                0x00002a56                memset
 .text._deferredlazyseek
                0x00002a5a       0x40 c:/nxp/mcuxpressoide_11.4.0_6237/ide/plugins/com.nxp.mcuxpresso.tools.win32_11.4.0.202103011116/tools/bin/../lib/gcc/arm-none-eabi/10.2.1/../../../../arm-none-eabi/lib/thumb/v8-m.main+fp/hard\libcr_c.a(_deferredlazyseek.o)
                0x00002a5a                _deferredlazyseek
 .text.__flsbuf
                0x00002a9a      0x140 c:/nxp/mcuxpressoide_11.4.0_6237/ide/plugins/com.nxp.mcuxpresso.tools.win32_11.4.0.202103011116/tools/bin/../lib/gcc/arm-none-eabi/10.2.1/../../../../arm-none-eabi/lib/thumb/v8-m.main+fp/hard\libcr_c.a(_deferredlazyseek.o)
                0x00002a9a                __flsbuf
 .text._fflush  0x00002bda       0x52 c:/nxp/mcuxpressoide_11.4.0_6237/ide/plugins/com.nxp.mcuxpresso.tools.win32_11.4.0.202103011116/tools/bin/../lib/gcc/arm-none-eabi/10.2.1/../../../../arm-none-eabi/lib/thumb/v8-m.main+fp/hard\libcr_c.a(_fflush.o)
                0x00002bda                _fflush
 .text.free     0x00002c2c       0x30 c:/nxp/mcuxpressoide_11.4.0_6237/ide/plugins/com.nxp.mcuxpresso.tools.win32_11.4.0.202103011116/tools/bin/../lib/gcc/arm-none-eabi/10.2.1/../../../../arm-none-eabi/lib/thumb/v8-m.main+fp/hard\libcr_c.a(alloc.o)
                0x00002c2c                free
 .text.fputs    0x00002c5c       0x2c c:/nxp/mcuxpressoide_11.4.0_6237/ide/plugins/com.nxp.mcuxpresso.tools.win32_11.4.0.202103011116/tools/bin/../lib/gcc/arm-none-eabi/10.2.1/../../../../arm-none-eabi/lib/thumb/v8-m.main+fp/hard\libcr_c.a(fputs.o)
                0x00002c5c                fputs
 .text.setvbuf  0x00002c88       0x3e c:/nxp/mcuxpressoide_11.4.0_6237/ide/plugins/com.nxp.mcuxpresso.tools.win32_11.4.0.202103011116/tools/bin/../lib/gcc/arm-none-eabi/10.2.1/../../../../arm-none-eabi/lib/thumb/v8-m.main+fp/hard\libcr_c.a(setvbuf.o)
                0x00002c88                setvbuf
 .text.strlen   0x00002cc6       0x48 c:/nxp/mcuxpressoide_11.4.0_6237/ide/plugins/com.nxp.mcuxpresso.tools.win32_11.4.0.202103011116/tools/bin/../lib/gcc/arm-none-eabi/10.2.1/../../../../arm-none-eabi/lib/thumb/v8-m.main+fp/hard\libcr_c.a(strlen.o)
                0x00002cc6                strlen
 .text._fdopen  0x00002d0e       0x68 c:/nxp/mcuxpressoide_11.4.0_6237/ide/plugins/com.nxp.mcuxpresso.tools.win32_11.4.0.202103011116/tools/bin/../lib/gcc/arm-none-eabi/10.2.1/../../../../arm-none-eabi/lib/thumb/v8-m.main+fp/hard\libcr_c.a(_fdopen.o)
                0x00002d0e                _fdopen
 .text.fclose   0x00002d76       0x58 c:/nxp/mcuxpressoide_11.4.0_6237/ide/plugins/com.nxp.mcuxpresso.tools.win32_11.4.0.202103011116/tools/bin/../lib/gcc/arm-none-eabi/10.2.1/../../../../arm-none-eabi/lib/thumb/v8-m.main+fp/hard\libcr_c.a(fclose.o)
                0x00002d76                fclose
 .text.remove   0x00002dce       0x14 c:/nxp/mcuxpressoide_11.4.0_6237/ide/plugins/com.nxp.mcuxpresso.tools.win32_11.4.0.202103011116/tools/bin/../lib/gcc/arm-none-eabi/10.2.1/../../../../arm-none-eabi/lib/thumb/v8-m.main+fp/hard\libcr_c.a(remove.o)
                0x00002dce                remove
 .text._do_fflush
                0x00002de2       0x40 c:/nxp/mcuxpressoide_11.4.0_6237/ide/plugins/com.nxp.mcuxpresso.tools.win32_11.4.0.202103011116/tools/bin/../lib/gcc/arm-none-eabi/10.2.1/../../../../arm-none-eabi/lib/thumb/v8-m.main+fp/hard\libcr_c.a(_do_fflush.o)
                0x00002de2                _do_fflush
 .text.__aeabi_division_uldivmod
                0x00002e22      0x174 c:/nxp/mcuxpressoide_11.4.0_6237/ide/plugins/com.nxp.mcuxpresso.tools.win32_11.4.0.202103011116/tools/bin/../lib/gcc/arm-none-eabi/10.2.1/thumb/v8-m.main+fp/hard\libcr_eabihelpers.a(division_64.o)
                0x00002e22                __aeabi_uldivmod
                0x00002e26                __bhs_ldivmod1
 .text.__aeabi_division_idiv0
                0x00002f96        0x2 c:/nxp/mcuxpressoide_11.4.0_6237/ide/plugins/com.nxp.mcuxpresso.tools.win32_11.4.0.202103011116/tools/bin/../lib/gcc/arm-none-eabi/10.2.1/thumb/v8-m.main+fp/hard\libcr_eabihelpers.a(division_idiv0.o)
                0x00002f96                __aeabi_idiv0
 .text.__aeabi_memset_lowlevel
                0x00002f98       0x32 c:/nxp/mcuxpressoide_11.4.0_6237/ide/plugins/com.nxp.mcuxpresso.tools.win32_11.4.0.202103011116/tools/bin/../lib/gcc/arm-none-eabi/10.2.1/thumb/v8-m.main+fp/hard\libcr_eabihelpers.a(memcpy.o)
                0x00002f98                __aeabi_lowlevel_memset
 .text.__sys_close
                0x00002fca        0x6 c:/nxp/mcuxpressoide_11.4.0_6237/ide/plugins/com.nxp.mcuxpresso.tools.win32_11.4.0.202103011116/tools/bin/../lib/gcc/arm-none-eabi/10.2.1/../../../../arm-none-eabi/lib/thumb/v8-m.main+fp/hard\libcr_nohost_nf.a(__sys_close.o)
                0x00002fca                __sys_close
 .text.__sys_flen
                0x00002fd0        0x6 c:/nxp/mcuxpressoide_11.4.0_6237/ide/plugins/com.nxp.mcuxpresso.tools.win32_11.4.0.202103011116/tools/bin/../lib/gcc/arm-none-eabi/10.2.1/../../../../arm-none-eabi/lib/thumb/v8-m.main+fp/hard\libcr_nohost_nf.a(__sys_flen.o)
                0x00002fd0                __sys_flen
 .text.__sys_istty
                0x00002fd6        0x6 c:/nxp/mcuxpressoide_11.4.0_6237/ide/plugins/com.nxp.mcuxpresso.tools.win32_11.4.0.202103011116/tools/bin/../lib/gcc/arm-none-eabi/10.2.1/../../../../arm-none-eabi/lib/thumb/v8-m.main+fp/hard\libcr_nohost_nf.a(__sys_istty.o)
                0x00002fd6                __sys_istty
 .text.__sys_remove
                0x00002fdc        0x6 c:/nxp/mcuxpressoide_11.4.0_6237/ide/plugins/com.nxp.mcuxpresso.tools.win32_11.4.0.202103011116/tools/bin/../lib/gcc/arm-none-eabi/10.2.1/../../../../arm-none-eabi/lib/thumb/v8-m.main+fp/hard\libcr_nohost_nf.a(__sys_remove.o)
                0x00002fdc                __sys_remove
 .text.__sys_seek
                0x00002fe2        0x6 c:/nxp/mcuxpressoide_11.4.0_6237/ide/plugins/com.nxp.mcuxpresso.tools.win32_11.4.0.202103011116/tools/bin/../lib/gcc/arm-none-eabi/10.2.1/../../../../arm-none-eabi/lib/thumb/v8-m.main+fp/hard\libcr_nohost_nf.a(__sys_seek.o)
                0x00002fe2                __sys_seek
 .text.__sys_tmpnam
                0x00002fe8        0x6 c:/nxp/mcuxpressoide_11.4.0_6237/ide/plugins/com.nxp.mcuxpresso.tools.win32_11.4.0.202103011116/tools/bin/../lib/gcc/arm-none-eabi/10.2.1/../../../../arm-none-eabi/lib/thumb/v8-m.main+fp/hard\libcr_nohost_nf.a(__sys_tmpnam.o)
                0x00002fe8                __sys_tmpnam
 .text.__sys_write
                0x00002fee        0x4 c:/nxp/mcuxpressoide_11.4.0_6237/ide/plugins/com.nxp.mcuxpresso.tools.win32_11.4.0.202103011116/tools/bin/../lib/gcc/arm-none-eabi/10.2.1/../../../../arm-none-eabi/lib/thumb/v8-m.main+fp/hard\libcr_nohost_nf.a(__sys_write.o)
                0x00002fee                __sys_write
 *(SORT_BY_ALIGNMENT(.rodata) SORT_BY_ALIGNMENT(.rodata.*) SORT_BY_ALIGNMENT(.constdata) SORT_BY_ALIGNMENT(.constdata.*))
 *fill*         0x00002ff2        0x2 ff
 .rodata.main.str1.4
                0x00002ff4        0xd ./source/lab 2.o
 *fill*         0x00003001        0x3 ff
 .rodata.SDK_DelayAtLeastUs.str1.4
                0x00003004       0x2c ./drivers/fsl_common_arm.o
 .rodata.s_flexcommBaseAddrs
                0x00003030       0x24 ./drivers/fsl_flexcomm.o
 .rodata.s_flexcommClocks
                0x00003054       0x12 ./drivers/fsl_flexcomm.o
 *fill*         0x00003066        0x2 ff
 .rodata.s_flexcommResets
                0x00003068       0x24 ./drivers/fsl_flexcomm.o
 .rodata.FLEXCOMM_GetInstance.str1.4
                0x0000308c       0x43 ./drivers/fsl_flexcomm.o
 *fill*         0x000030cf        0x1 ff
 .rodata.FLEXCOMM0_DriverIRQHandler.str1.4
                0x000030d0       0x3d ./drivers/fsl_flexcomm.o
 *fill*         0x0000310d        0x3 ff
 .rodata.FLEXCOMM1_DriverIRQHandler.str1.4
                0x00003110       0x3d ./drivers/fsl_flexcomm.o
 *fill*         0x0000314d        0x3 ff
 .rodata.FLEXCOMM2_DriverIRQHandler.str1.4
                0x00003150       0x3d ./drivers/fsl_flexcomm.o
 *fill*         0x0000318d        0x3 ff
 .rodata.FLEXCOMM3_DriverIRQHandler.str1.4
                0x00003190       0x3d ./drivers/fsl_flexcomm.o
 *fill*         0x000031cd        0x3 ff
 .rodata.FLEXCOMM4_DriverIRQHandler.str1.4
                0x000031d0       0x3d ./drivers/fsl_flexcomm.o
 *fill*         0x0000320d        0x3 ff
 .rodata.FLEXCOMM5_DriverIRQHandler.str1.4
                0x00003210       0x3d ./drivers/fsl_flexcomm.o
 *fill*         0x0000324d        0x3 ff
 .rodata.FLEXCOMM6_DriverIRQHandler.str1.4
                0x00003250       0x3d ./drivers/fsl_flexcomm.o
 *fill*         0x0000328d        0x3 ff
 .rodata.FLEXCOMM7_DriverIRQHandler.str1.4
                0x00003290       0x3d ./drivers/fsl_flexcomm.o
 *fill*         0x000032cd        0x3 ff
 .rodata.FLEXCOMM8_DriverIRQHandler.str1.4
                0x000032d0       0x3d ./drivers/fsl_flexcomm.o
 *fill*         0x0000330d        0x3 ff
 .rodata.RESET_SetPeripheralReset.str1.4
                0x00003310       0x1f ./drivers/fsl_reset.o
 *fill*         0x0000332f        0x1 ff
 .rodata.RESET_ClearPeripheralReset.str1.4
                0x00003330       0x1f ./drivers/fsl_reset.o
 *fill*         0x0000334f        0x1 ff
 .rodata.USART_Init.str1.4
                0x00003350       0x50 ./drivers/fsl_usart.o
 .rodata.USART_GetDefaultConfig.str1.4
                0x000033a0       0x22 ./drivers/fsl_usart.o
 *fill*         0x000033c2        0x2 ff
 .rodata.USART_SetBaudRate.str1.4
                0x000033c4       0x54 ./drivers/fsl_usart.o
 .rodata.USART_WriteBlocking.str1.4
                0x00003418       0x37 ./drivers/fsl_usart.o
 *fill*         0x0000344f        0x1 ff
 .rodata.s_UsartAdapterBase
                0x00003450       0x20 ./component/uart/fsl_adapter_usart.o
 .rodata.HAL_UartInitCommon.str1.4
                0x00003470       0xec ./component/uart/fsl_adapter_usart.o
 .rodata.HAL_UartSendBlocking.str1.4
                0x0000355c       0x66 ./component/uart/fsl_adapter_usart.o
 *fill*         0x000035c2        0x2 ff
 .rodata.__num_Ciob_streams
                0x000035c4        0x4 c:/nxp/mcuxpressoide_11.4.0_6237/ide/plugins/com.nxp.mcuxpresso.tools.win32_11.4.0.202103011116/tools/bin/../lib/gcc/arm-none-eabi/10.2.1/../../../../arm-none-eabi/lib/thumb/v8-m.main+fp/hard\libcr_nohost_nf.a(__ciob.o)
                0x000035c4                __num_Ciob_streams
 .rodata.__assertion_failed.str1.1
                0x000035c8       0x15 c:/nxp/mcuxpressoide_11.4.0_6237/ide/plugins/com.nxp.mcuxpresso.tools.win32_11.4.0.202103011116/tools/bin/../lib/gcc/arm-none-eabi/10.2.1/../../../../arm-none-eabi/lib/thumb/v8-m.main+fp/hard\libcr_nohost_nf.a(_cr_assert.o)
 .rodata._Csys_alloc.str1.1
                0x000035dd       0x18 c:/nxp/mcuxpressoide_11.4.0_6237/ide/plugins/com.nxp.mcuxpresso.tools.win32_11.4.0.202103011116/tools/bin/../lib/gcc/arm-none-eabi/10.2.1/../../../../arm-none-eabi/lib/thumb/v8-m.main+fp/hard\libcr_c.a(alloc.o)
 .rodata._initio.str1.1
                0x000035f5        0x4 c:/nxp/mcuxpressoide_11.4.0_6237/ide/plugins/com.nxp.mcuxpresso.tools.win32_11.4.0.202103011116/tools/bin/../lib/gcc/arm-none-eabi/10.2.1/../../../../arm-none-eabi/lib/thumb/v8-m.main+fp/hard\libcr_c.a(initio.o)
                0x000035fc                . = ALIGN (0x4)
 *fill*         0x000035f9        0x3 ff

.glue_7         0x000035fc        0x0
 .glue_7        0x000035fc        0x0 linker stubs

.glue_7t        0x000035fc        0x0
 .glue_7t       0x000035fc        0x0 linker stubs

.vfp11_veneer   0x000035fc        0x0
 .vfp11_veneer  0x000035fc        0x0 linker stubs

.v4_bx          0x000035fc        0x0
 .v4_bx         0x000035fc        0x0 linker stubs

.iplt           0x000035fc        0x0
 .iplt          0x000035fc        0x0 ./utilities/fsl_debug_console.o

.rel.dyn        0x000035fc        0x0
 .rel.iplt      0x000035fc        0x0 ./utilities/fsl_debug_console.o

.ARM.extab
 *(SORT_BY_ALIGNMENT(.ARM.extab*) SORT_BY_ALIGNMENT(.gnu.linkonce.armextab.*))

.ARM.exidx      0x000035fc        0x0
                0x000035fc                __exidx_start = .
 *(SORT_BY_ALIGNMENT(.ARM.exidx*) SORT_BY_ALIGNMENT(.gnu.linkonce.armexidx.*))
                0x000035fc                __exidx_end = .
                0x000035fc                _etext = .

.m_usb_data
 *(SORT_BY_ALIGNMENT(m_usb_global))

.data_RAM2      0x04000000        0x0 load address 0x000035fc
 FILL mask 0xff
                [!provide]                PROVIDE (__start_data_RAM2 = .)
                [!provide]                PROVIDE (__start_data_SRAMX = .)
 *(SORT_BY_ALIGNMENT(.ramfunc.$RAM2))
 *(SORT_BY_ALIGNMENT(.ramfunc.$SRAMX))
 *(SORT_BY_ALIGNMENT(.data.$RAM2))
 *(SORT_BY_ALIGNMENT(.data.$SRAMX))
 *(SORT_BY_ALIGNMENT(.data.$RAM2.*))
 *(SORT_BY_ALIGNMENT(.data.$SRAMX.*))
                0x04000000                . = ALIGN (0x4)
                [!provide]                PROVIDE (__end_data_RAM2 = .)
                [!provide]                PROVIDE (__end_data_SRAMX = .)

.data_RAM3      0x40100000        0x0 load address 0x000035fc
 FILL mask 0xff
                [!provide]                PROVIDE (__start_data_RAM3 = .)
                [!provide]                PROVIDE (__start_data_USB_RAM = .)
 *(SORT_BY_ALIGNMENT(.ramfunc.$RAM3))
 *(SORT_BY_ALIGNMENT(.ramfunc.$USB_RAM))
 *(SORT_BY_ALIGNMENT(.data.$RAM3))
 *(SORT_BY_ALIGNMENT(.data.$USB_RAM))
 *(SORT_BY_ALIGNMENT(.data.$RAM3.*))
 *(SORT_BY_ALIGNMENT(.data.$USB_RAM.*))
                0x40100000                . = ALIGN (0x4)
                [!provide]                PROVIDE (__end_data_RAM3 = .)
                [!provide]                PROVIDE (__end_data_USB_RAM = .)

.data_RAM4      0x20040000        0x0 load address 0x000035fc
 FILL mask 0xff
                [!provide]                PROVIDE (__start_data_RAM4 = .)
                [!provide]                PROVIDE (__start_data_SRAM4 = .)
 *(SORT_BY_ALIGNMENT(.ramfunc.$RAM4))
 *(SORT_BY_ALIGNMENT(.ramfunc.$SRAM4))
 *(SORT_BY_ALIGNMENT(.data.$RAM4))
 *(SORT_BY_ALIGNMENT(.data.$SRAM4))
 *(SORT_BY_ALIGNMENT(.data.$RAM4.*))
 *(SORT_BY_ALIGNMENT(.data.$SRAM4.*))
                0x20040000                . = ALIGN (0x4)
                [!provide]                PROVIDE (__end_data_RAM4 = .)
                [!provide]                PROVIDE (__end_data_SRAM4 = .)

.uninit_RESERVED
                0x20000000        0x0
                0x20000000                _start_uninit_RESERVED = .
 *(SORT_BY_ALIGNMENT(.bss.$RESERVED*))
                0x20000000                . = ALIGN (0x4)
                0x20000000                _end_uninit_RESERVED = .

.data           0x20000000        0x8 load address 0x000035fc
 FILL mask 0xff
                0x20000000                _data = .
                [!provide]                PROVIDE (__start_data_RAM = .)
                [!provide]                PROVIDE (__start_data_SRAM = .)
 *(SORT_BY_ALIGNMENT(vtable))
 *(SORT_BY_ALIGNMENT(.ramfunc*))
 *(SORT_BY_ALIGNMENT(CodeQuickAccess))
 *(SORT_BY_ALIGNMENT(DataQuickAccess))
 *(SORT_BY_ALIGNMENT(RamFunction))
 *(SORT_BY_ALIGNMENT(.data*))
 .data.s_Ext_Clk_Freq
                0x20000000        0x4 ./drivers/fsl_clock.o
 .data.SystemCoreClock
                0x20000004        0x4 ./device/system_LPC55S69_cm33_core0.o
                0x20000004                SystemCoreClock
                0x20000008                . = ALIGN (0x4)
                0x20000008                _edata = .
                [!provide]                PROVIDE (__end_data_RAM = .)
                [!provide]                PROVIDE (__end_data_SRAM = .)

.igot.plt       0x20000008        0x0 load address 0x00003604
 .igot.plt      0x20000008        0x0 ./utilities/fsl_debug_console.o

.bss_RAM2       0x04000000        0x0
                [!provide]                PROVIDE (__start_bss_RAM2 = .)
                [!provide]                PROVIDE (__start_bss_SRAMX = .)
 *(SORT_BY_ALIGNMENT(.bss.$RAM2))
 *(SORT_BY_ALIGNMENT(.bss.$SRAMX))
 *(SORT_BY_ALIGNMENT(.bss.$RAM2.*))
 *(SORT_BY_ALIGNMENT(.bss.$SRAMX.*))
                0x04000000                . = ALIGN ((. != 0x0)?0x4:0x1)
                [!provide]                PROVIDE (__end_bss_RAM2 = .)
                [!provide]                PROVIDE (__end_bss_SRAMX = .)

.bss_RAM3       0x40100000        0x0
                [!provide]                PROVIDE (__start_bss_RAM3 = .)
                [!provide]                PROVIDE (__start_bss_USB_RAM = .)
 *(SORT_BY_ALIGNMENT(.bss.$RAM3))
 *(SORT_BY_ALIGNMENT(.bss.$USB_RAM))
 *(SORT_BY_ALIGNMENT(.bss.$RAM3.*))
 *(SORT_BY_ALIGNMENT(.bss.$USB_RAM.*))
                0x40100000                . = ALIGN ((. != 0x0)?0x4:0x1)
                [!provide]                PROVIDE (__end_bss_RAM3 = .)
                [!provide]                PROVIDE (__end_bss_USB_RAM = .)

.bss_RAM4       0x20040000        0x0
                [!provide]                PROVIDE (__start_bss_RAM4 = .)
                [!provide]                PROVIDE (__start_bss_SRAM4 = .)
 *(SORT_BY_ALIGNMENT(.bss.$RAM4))
 *(SORT_BY_ALIGNMENT(.bss.$SRAM4))
 *(SORT_BY_ALIGNMENT(.bss.$RAM4.*))
 *(SORT_BY_ALIGNMENT(.bss.$SRAM4.*))
                0x20040000                . = ALIGN ((. != 0x0)?0x4:0x1)
                [!provide]                PROVIDE (__end_bss_RAM4 = .)
                [!provide]                PROVIDE (__end_bss_SRAM4 = .)

.bss            0x20000008      0x138
                0x20000008                _bss = .
                [!provide]                PROVIDE (__start_bss_RAM = .)
                [!provide]                PROVIDE (__start_bss_SRAM = .)
 *(SORT_BY_ALIGNMENT(.bss*))
 .bss.s_debugConsoleState
                0x20000008       0x20 ./utilities/fsl_debug_console.o
 .bss.g_serialHandle
                0x20000028        0x4 ./utilities/fsl_debug_console.o
                0x20000028                g_serialHandle
 .bss.i.0       0x2000002c        0x4 ./source/lab 2.o
 .bss.s_Pll0_Freq
                0x20000030        0x4 ./drivers/fsl_clock.o
 .bss.s_flexcommIrqHandler
                0x20000034       0x24 ./drivers/fsl_flexcomm.o
 .bss.s_flexcommHandle
                0x20000058       0x24 ./drivers/fsl_flexcomm.o
 .bss.__Ciob    0x2000007c       0xb4 c:/nxp/mcuxpressoide_11.4.0_6237/ide/plugins/com.nxp.mcuxpresso.tools.win32_11.4.0.202103011116/tools/bin/../lib/gcc/arm-none-eabi/10.2.1/../../../../arm-none-eabi/lib/thumb/v8-m.main+fp/hard\libcr_nohost_nf.a(__ciob.o)
                0x2000007c                __Ciob
 .bss.errno     0x20000130        0x4 c:/nxp/mcuxpressoide_11.4.0_6237/ide/plugins/com.nxp.mcuxpresso.tools.win32_11.4.0.202103011116/tools/bin/../lib/gcc/arm-none-eabi/10.2.1/../../../../arm-none-eabi/lib/thumb/v8-m.main+fp/hard\libcr_c.a(errno.o)
                0x20000130                errno
 .bss.__end_of_heap
                0x20000134        0x4 c:/nxp/mcuxpressoide_11.4.0_6237/ide/plugins/com.nxp.mcuxpresso.tools.win32_11.4.0.202103011116/tools/bin/../lib/gcc/arm-none-eabi/10.2.1/../../../../arm-none-eabi/lib/thumb/v8-m.main+fp/hard\libcr_c.a(__init_alloc.o)
                0x20000134                __end_of_heap
 .bss.__heaps   0x20000138        0x4 c:/nxp/mcuxpressoide_11.4.0_6237/ide/plugins/com.nxp.mcuxpresso.tools.win32_11.4.0.202103011116/tools/bin/../lib/gcc/arm-none-eabi/10.2.1/../../../../arm-none-eabi/lib/thumb/v8-m.main+fp/hard\libcr_c.a(__init_alloc.o)
                0x20000138                __heaps
 .bss.s_debugConsoleReadWaitSemaphore
                0x2000013c        0x1 ./utilities/fsl_debug_console.o
 *(SORT_BY_ALIGNMENT(COMMON))
                0x20000140                . = ALIGN (0x4)
 *fill*         0x2000013d        0x3 
                0x20000140                _ebss = .
                [!provide]                PROVIDE (__end_bss_RAM = .)
                [!provide]                PROVIDE (__end_bss_SRAM = .)
                [!provide]                PROVIDE (end = .)

.noinit_RAM2    0x04000000        0x0
                [!provide]                PROVIDE (__start_noinit_RAM2 = .)
                [!provide]                PROVIDE (__start_noinit_SRAMX = .)
 *(SORT_BY_ALIGNMENT(.noinit.$RAM2))
 *(SORT_BY_ALIGNMENT(.noinit.$SRAMX))
 *(SORT_BY_ALIGNMENT(.noinit.$RAM2.*))
 *(SORT_BY_ALIGNMENT(.noinit.$SRAMX.*))
                0x04000000                . = ALIGN (0x4)
                [!provide]                PROVIDE (__end_noinit_RAM2 = .)
                [!provide]                PROVIDE (__end_noinit_SRAMX = .)

.noinit_RAM3    0x40100000        0x0
                [!provide]                PROVIDE (__start_noinit_RAM3 = .)
                [!provide]                PROVIDE (__start_noinit_USB_RAM = .)
 *(SORT_BY_ALIGNMENT(.noinit.$RAM3))
 *(SORT_BY_ALIGNMENT(.noinit.$USB_RAM))
 *(SORT_BY_ALIGNMENT(.noinit.$RAM3.*))
 *(SORT_BY_ALIGNMENT(.noinit.$USB_RAM.*))
                0x40100000                . = ALIGN (0x4)
                [!provide]                PROVIDE (__end_noinit_RAM3 = .)
                [!provide]                PROVIDE (__end_noinit_USB_RAM = .)

.noinit_RAM4    0x20040000        0x0
                [!provide]                PROVIDE (__start_noinit_RAM4 = .)
                [!provide]                PROVIDE (__start_noinit_SRAM4 = .)
 *(SORT_BY_ALIGNMENT(.noinit.$RAM4))
 *(SORT_BY_ALIGNMENT(.noinit.$SRAM4))
 *(SORT_BY_ALIGNMENT(.noinit.$RAM4.*))
 *(SORT_BY_ALIGNMENT(.noinit.$SRAM4.*))
                0x20040000                . = ALIGN (0x4)
                [!provide]                PROVIDE (__end_noinit_RAM4 = .)
                [!provide]                PROVIDE (__end_noinit_SRAM4 = .)

.noinit         0x20000140        0x0
                0x20000140                _noinit = .
                [!provide]                PROVIDE (__start_noinit_RAM = .)
                [!provide]                PROVIDE (__start_noinit_SRAM = .)
 *(SORT_BY_ALIGNMENT(.noinit*))
                0x20000140                . = ALIGN (0x4)
                0x20000140                _end_noinit = .
                [!provide]                PROVIDE (__end_noinit_RAM = .)
                [!provide]                PROVIDE (__end_noinit_SRAM = .)
                0x00001000                _HeapSize = 0x1000

.heap           0x20000140     0x1000
                0x20000140                _pvHeapStart = .
                0x20001140                . = (. + _HeapSize)
 *fill*         0x20000140     0x1000 
                0x20001140                . = ALIGN (0x4)
                0x20001140                _pvHeapLimit = .
                0x00001000                _StackSize = 0x1000

.heap2stackfill
                0x20001140     0x1000
                0x20002140                . = (. + _StackSize)
 *fill*         0x20001140     0x1000 

.stack          0x2003f000        0x0
                0x2003f000                _vStackBase = .
                0x2003f000                . = ALIGN (0x4)
                0x20040000                _vStackTop = (. + _StackSize)
                [!provide]                PROVIDE (__valid_user_code_checksum = (0x0 - ((((((_vStackTop + (ResetISR + 0x1)) + (NMI_Handler + 0x1)) + (HardFault_Handler + 0x1)) + (DEFINED (MemManage_Handler)?MemManage_Handler:0x0 + 0x1)) + (DEFINED (BusFault_Handler)?BusFault_Handler:0x0 + 0x1)) + (DEFINED (UsageFault_Handler)?UsageFault_Handler:0x0 + 0x1))))
                0x00000000                _image_start = LOADADDR (.text)
                0x00003604                _image_end = (LOADADDR (.data) + SIZEOF (.data))
                0x00003604                _image_size = (_image_end - _image_start)
OUTPUT(lab 2.axf elf32-littlearm)
LOAD linker stubs

.debug_info     0x00000000    0x12748
 .debug_info    0x00000000      0xba8 ./utilities/fsl_debug_console.o
 .debug_info    0x00000ba8      0xac5 ./utilities/fsl_str.o
 .debug_info    0x0000166d      0x707 ./startup/startup_lpc55s69_cm33_core0.o
 .debug_info    0x00001d74       0xaa ./source/lab 2.o
 .debug_info    0x00001e1e       0x3c ./source/semihost_hardfault.o
 .debug_info    0x00001e5a     0x31ab ./drivers/fsl_clock.o
 .debug_info    0x00005005       0xf5 ./drivers/fsl_common_arm.o
 .debug_info    0x000050fa     0x1a99 ./drivers/fsl_flexcomm.o
 .debug_info    0x00006b93      0xeb5 ./drivers/fsl_reset.o
 .debug_info    0x00007a48     0x173d ./drivers/fsl_usart.o
 .debug_info    0x00009185     0x1366 ./device/system_LPC55S69_cm33_core0.o
 .debug_info    0x0000a4eb      0xc11 ./component/uart/fsl_adapter_usart.o
 .debug_info    0x0000b0fc      0x8e8 ./component/serial_manager/fsl_component_serial_manager.o
 .debug_info    0x0000b9e4      0x472 ./component/serial_manager/fsl_component_serial_port_uart.o
 .debug_info    0x0000be56      0x811 ./board/board.o
 .debug_info    0x0000c667     0x1599 ./board/clock_config.o
 .debug_info    0x0000dc00       0x9b ./board/peripherals.o
 .debug_info    0x0000dc9b     0x14a8 ./board/pin_mux.o
 .debug_info    0x0000f143     0x3605 C:\Users\Youss\Documents\MCUXpressoIDE_11.4.0_6237\workspace\lab 2\LPC55S69\mcuxpresso\libpower_hardabi.a(fsl_power_lib.o)

.debug_abbrev   0x00000000     0x232a
 .debug_abbrev  0x00000000      0x232 ./utilities/fsl_debug_console.o
 .debug_abbrev  0x00000232      0x24d ./utilities/fsl_str.o
 .debug_abbrev  0x0000047f      0x165 ./startup/startup_lpc55s69_cm33_core0.o
 .debug_abbrev  0x000005e4       0x61 ./source/lab 2.o
 .debug_abbrev  0x00000645       0x31 ./source/semihost_hardfault.o
 .debug_abbrev  0x00000676      0x35a ./drivers/fsl_clock.o
 .debug_abbrev  0x000009d0       0x92 ./drivers/fsl_common_arm.o
 .debug_abbrev  0x00000a62      0x2c0 ./drivers/fsl_flexcomm.o
 .debug_abbrev  0x00000d22      0x15a ./drivers/fsl_reset.o
 .debug_abbrev  0x00000e7c      0x302 ./drivers/fsl_usart.o
 .debug_abbrev  0x0000117e      0x1fa ./device/system_LPC55S69_cm33_core0.o
 .debug_abbrev  0x00001378      0x1e0 ./component/uart/fsl_adapter_usart.o
 .debug_abbrev  0x00001558      0x23d ./component/serial_manager/fsl_component_serial_manager.o
 .debug_abbrev  0x00001795      0x167 ./component/serial_manager/fsl_component_serial_port_uart.o
 .debug_abbrev  0x000018fc       0xd1 ./board/board.o
 .debug_abbrev  0x000019cd      0x1ea ./board/clock_config.o
 .debug_abbrev  0x00001bb7       0x61 ./board/peripherals.o
 .debug_abbrev  0x00001c18      0x27e ./board/pin_mux.o
 .debug_abbrev  0x00001e96      0x494 C:\Users\Youss\Documents\MCUXpressoIDE_11.4.0_6237\workspace\lab 2\LPC55S69\mcuxpresso\libpower_hardabi.a(fsl_power_lib.o)

.debug_aranges  0x00000000      0xb60
 .debug_aranges
                0x00000000       0x98 ./utilities/fsl_debug_console.o
 .debug_aranges
                0x00000098       0xb8 ./utilities/fsl_str.o
 .debug_aranges
                0x00000150      0x268 ./startup/startup_lpc55s69_cm33_core0.o
 .debug_aranges
                0x000003b8       0x20 ./source/lab 2.o
 .debug_aranges
                0x000003d8       0x20 ./source/semihost_hardfault.o
 .debug_aranges
                0x000003f8      0x220 ./drivers/fsl_clock.o
 .debug_aranges
                0x00000618       0x28 ./drivers/fsl_common_arm.o
 .debug_aranges
                0x00000640       0x90 ./drivers/fsl_flexcomm.o
 .debug_aranges
                0x000006d0       0x30 ./drivers/fsl_reset.o
 .debug_aranges
                0x00000700       0xf8 ./drivers/fsl_usart.o
 .debug_aranges
                0x000007f8       0x88 ./device/system_LPC55S69_cm33_core0.o
 .debug_aranges
                0x00000880       0x58 ./component/uart/fsl_adapter_usart.o
 .debug_aranges
                0x000008d8       0x98 ./component/serial_manager/fsl_component_serial_manager.o
 .debug_aranges
                0x00000970       0x48 ./component/serial_manager/fsl_component_serial_port_uart.o
 .debug_aranges
                0x000009b8       0x28 ./board/board.o
 .debug_aranges
                0x000009e0       0x50 ./board/clock_config.o
 .debug_aranges
                0x00000a30       0x28 ./board/peripherals.o
 .debug_aranges
                0x00000a58       0x70 ./board/pin_mux.o
 .debug_aranges
                0x00000ac8       0x98 C:\Users\Youss\Documents\MCUXpressoIDE_11.4.0_6237\workspace\lab 2\LPC55S69\mcuxpresso\libpower_hardabi.a(fsl_power_lib.o)

.debug_ranges   0x00000000      0xbc8
 .debug_ranges  0x00000000       0x88 ./utilities/fsl_debug_console.o
 .debug_ranges  0x00000088       0xd8 ./utilities/fsl_str.o
 .debug_ranges  0x00000160      0x258 ./startup/startup_lpc55s69_cm33_core0.o
 .debug_ranges  0x000003b8       0x10 ./source/lab 2.o
 .debug_ranges  0x000003c8       0x10 ./source/semihost_hardfault.o
 .debug_ranges  0x000003d8      0x210 ./drivers/fsl_clock.o
 .debug_ranges  0x000005e8       0x18 ./drivers/fsl_common_arm.o
 .debug_ranges  0x00000600       0x80 ./drivers/fsl_flexcomm.o
 .debug_ranges  0x00000680       0x20 ./drivers/fsl_reset.o
 .debug_ranges  0x000006a0       0xe8 ./drivers/fsl_usart.o
 .debug_ranges  0x00000788       0x78 ./device/system_LPC55S69_cm33_core0.o
 .debug_ranges  0x00000800       0x48 ./component/uart/fsl_adapter_usart.o
 .debug_ranges  0x00000848       0x88 ./component/serial_manager/fsl_component_serial_manager.o
 .debug_ranges  0x000008d0       0x38 ./component/serial_manager/fsl_component_serial_port_uart.o
 .debug_ranges  0x00000908       0x18 ./board/board.o
 .debug_ranges  0x00000920       0x40 ./board/clock_config.o
 .debug_ranges  0x00000960       0x18 ./board/peripherals.o
 .debug_ranges  0x00000978       0x60 ./board/pin_mux.o
 .debug_ranges  0x000009d8      0x1f0 C:\Users\Youss\Documents\MCUXpressoIDE_11.4.0_6237\workspace\lab 2\LPC55S69\mcuxpresso\libpower_hardabi.a(fsl_power_lib.o)

.debug_macro    0x00000000    0x16a22
 .debug_macro   0x00000000      0x1e3 ./utilities/fsl_debug_console.o
 .debug_macro   0x000001e3      0xaba ./utilities/fsl_debug_console.o
 .debug_macro   0x00000c9d       0x10 ./utilities/fsl_debug_console.o
 .debug_macro   0x00000cad       0x16 ./utilities/fsl_debug_console.o
 .debug_macro   0x00000cc3       0x10 ./utilities/fsl_debug_console.o
 .debug_macro   0x00000cd3      0x12e ./utilities/fsl_debug_console.o
 .debug_macro   0x00000e01       0x28 ./utilities/fsl_debug_console.o
 .debug_macro   0x00000e29       0x16 ./utilities/fsl_debug_console.o
 .debug_macro   0x00000e3f       0x22 ./utilities/fsl_debug_console.o
 .debug_macro   0x00000e61      0x5b3 ./utilities/fsl_debug_console.o
 .debug_macro   0x00001414       0x10 ./utilities/fsl_debug_console.o
 .debug_macro   0x00001424       0x46 ./utilities/fsl_debug_console.o
 .debug_macro   0x0000146a       0x1c ./utilities/fsl_debug_console.o
 .debug_macro   0x00001486       0x29 ./utilities/fsl_debug_console.o
 .debug_macro   0x000014af       0xfb ./utilities/fsl_debug_console.o
 .debug_macro   0x000015aa     0x1336 ./utilities/fsl_debug_console.o
 .debug_macro   0x000028e0       0x5e ./utilities/fsl_debug_console.o
 .debug_macro   0x0000293e       0x2e ./utilities/fsl_debug_console.o
 .debug_macro   0x0000296c    0x10d74 ./utilities/fsl_debug_console.o
 .debug_macro   0x000136e0      0x3e1 ./utilities/fsl_debug_console.o
 .debug_macro   0x00013ac1       0x7a ./utilities/fsl_debug_console.o
 .debug_macro   0x00013b3b       0xa1 ./utilities/fsl_debug_console.o
 .debug_macro   0x00013bdc      0x2ca ./utilities/fsl_debug_console.o
 .debug_macro   0x00013ea6       0xd2 ./utilities/fsl_debug_console.o
 .debug_macro   0x00013f78       0x50 ./utilities/fsl_debug_console.o
 .debug_macro   0x00013fc8       0x58 ./utilities/fsl_debug_console.o
 .debug_macro   0x00014020       0x40 ./utilities/fsl_debug_console.o
 .debug_macro   0x00014060       0x10 ./utilities/fsl_debug_console.o
 .debug_macro   0x00014070       0x66 ./utilities/fsl_debug_console.o
 .debug_macro   0x000140d6       0x34 ./utilities/fsl_debug_console.o
 .debug_macro   0x0001410a      0x16a ./utilities/fsl_str.o
 .debug_macro   0x00014274       0xc4 ./utilities/fsl_str.o
 .debug_macro   0x00014338       0x1c ./utilities/fsl_str.o
 .debug_macro   0x00014354      0x1c7 ./utilities/fsl_str.o
 .debug_macro   0x0001451b       0x56 ./utilities/fsl_str.o
 .debug_macro   0x00014571       0x29 ./startup/startup_lpc55s69_cm33_core0.o
 .debug_macro   0x0001459a      0x1cd ./source/lab 2.o
 .debug_macro   0x00014767       0xd8 ./source/lab 2.o
 .debug_macro   0x0001483f       0x22 ./source/lab 2.o
 .debug_macro   0x00014861       0x2f ./source/lab 2.o
 .debug_macro   0x00014890       0x10 ./source/lab 2.o
 .debug_macro   0x000148a0       0xfe ./source/lab 2.o
 .debug_macro   0x0001499e      0x1de ./source/lab 2.o
 .debug_macro   0x00014b7c      0x88e ./source/lab 2.o
 .debug_macro   0x0001540a       0x2e ./source/lab 2.o
 .debug_macro   0x00015438       0x11 ./source/semihost_hardfault.o
 .debug_macro   0x00015449      0x1e5 ./drivers/fsl_clock.o
 .debug_macro   0x0001562e       0x1c ./drivers/fsl_clock.o
 .debug_macro   0x0001564a      0x2fe ./drivers/fsl_clock.o
 .debug_macro   0x00015948      0x13c ./drivers/fsl_common_arm.o
 .debug_macro   0x00015a84      0x145 ./drivers/fsl_flexcomm.o
 .debug_macro   0x00015bc9       0x10 ./drivers/fsl_flexcomm.o
 .debug_macro   0x00015bd9      0x13c ./drivers/fsl_reset.o
 .debug_macro   0x00015d15      0x154 ./drivers/fsl_usart.o
 .debug_macro   0x00015e69       0x1c ./drivers/fsl_usart.o
 .debug_macro   0x00015e85       0xc1 ./device/system_LPC55S69_cm33_core0.o
 .debug_macro   0x00015f46      0x151 ./component/uart/fsl_adapter_usart.o
 .debug_macro   0x00016097       0x22 ./component/uart/fsl_adapter_usart.o
 .debug_macro   0x000160b9       0x40 ./component/uart/fsl_adapter_usart.o
 .debug_macro   0x000160f9      0x1a8 ./component/serial_manager/fsl_component_serial_manager.o
 .debug_macro   0x000162a1       0x52 ./component/serial_manager/fsl_component_serial_manager.o
 .debug_macro   0x000162f3      0x178 ./component/serial_manager/fsl_component_serial_port_uart.o
 .debug_macro   0x0001646b      0x19f ./board/board.o
 .debug_macro   0x0001660a       0x35 ./board/board.o
 .debug_macro   0x0001663f      0x152 ./board/clock_config.o
 .debug_macro   0x00016791      0x140 ./board/peripherals.o
 .debug_macro   0x000168d1      0x151 ./board/pin_mux.o

.debug_line     0x00000000     0x9652
 .debug_line    0x00000000      0x8ad ./utilities/fsl_debug_console.o
 .debug_line    0x000008ad      0xb52 ./utilities/fsl_str.o
 .debug_line    0x000013ff      0x6b1 ./startup/startup_lpc55s69_cm33_core0.o
 .debug_line    0x00001ab0      0x5cf ./source/lab 2.o
 .debug_line    0x0000207f       0x59 ./source/semihost_hardfault.o
 .debug_line    0x000020d8     0x17d6 ./drivers/fsl_clock.o
 .debug_line    0x000038ae      0x393 ./drivers/fsl_common_arm.o
 .debug_line    0x00003c41      0x635 ./drivers/fsl_flexcomm.o
 .debug_line    0x00004276      0x3ec ./drivers/fsl_reset.o
 .debug_line    0x00004662      0xef1 ./drivers/fsl_usart.o
 .debug_line    0x00005553      0x6b1 ./device/system_LPC55S69_cm33_core0.o
 .debug_line    0x00005c04      0x59d ./component/uart/fsl_adapter_usart.o
 .debug_line    0x000061a1      0x7f7 ./component/serial_manager/fsl_component_serial_manager.o
 .debug_line    0x00006998      0x5b0 ./component/serial_manager/fsl_component_serial_port_uart.o
 .debug_line    0x00006f48      0x56b ./board/board.o
 .debug_line    0x000074b3      0x527 ./board/clock_config.o
 .debug_line    0x000079da      0x3c9 ./board/peripherals.o
 .debug_line    0x00007da3      0x635 ./board/pin_mux.o
 .debug_line    0x000083d8     0x127a C:\Users\Youss\Documents\MCUXpressoIDE_11.4.0_6237\workspace\lab 2\LPC55S69\mcuxpresso\libpower_hardabi.a(fsl_power_lib.o)

.debug_str      0x00000000    0xbbd86
 .debug_str     0x00000000    0xae18e ./utilities/fsl_debug_console.o
                              0xae2b1 (size before relaxing)
 .debug_str     0x000ae18e      0xba9 ./utilities/fsl_str.o
                              0xad0f0 (size before relaxing)
 .debug_str     0x000aed37      0x680 ./startup/startup_lpc55s69_cm33_core0.o
                               0x34d3 (size before relaxing)
 .debug_str     0x000af3b7     0x4a19 ./source/lab 2.o
                              0xb16a9 (size before relaxing)
 .debug_str     0x000b3dd0       0x1f ./source/semihost_hardfault.o
                               0x2e15 (size before relaxing)
 .debug_str     0x000b3def     0x4255 ./drivers/fsl_clock.o
                              0xb0f98 (size before relaxing)
 .debug_str     0x000b8044       0x82 ./drivers/fsl_common_arm.o
                              0xac34b (size before relaxing)
 .debug_str     0x000b80c6      0xcfe ./drivers/fsl_flexcomm.o
                              0xae6ec (size before relaxing)
 .debug_str     0x000b8dc4       0xae ./drivers/fsl_reset.o
                              0xad0bf (size before relaxing)
 .debug_str     0x000b8e72      0xcfb ./drivers/fsl_usart.o
                              0xadfad (size before relaxing)
 .debug_str     0x000b9b6d      0x213 ./device/system_LPC55S69_cm33_core0.o
                              0xaa5ef (size before relaxing)
 .debug_str     0x000b9d80      0x318 ./component/uart/fsl_adapter_usart.o
                              0xad7ce (size before relaxing)
 .debug_str     0x000ba098      0x467 ./component/serial_manager/fsl_component_serial_manager.o
                              0xad31c (size before relaxing)
 .debug_str     0x000ba4ff      0x106 ./component/serial_manager/fsl_component_serial_port_uart.o
                              0xad0cd (size before relaxing)
 .debug_str     0x000ba605       0x54 ./board/board.o
                              0xaf5c0 (size before relaxing)
 .debug_str     0x000ba659       0xac ./board/clock_config.o
                              0xaf024 (size before relaxing)
 .debug_str     0x000ba705       0x52 ./board/peripherals.o
                              0xac314 (size before relaxing)
 .debug_str     0x000ba757      0x322 ./board/pin_mux.o
                              0xb0a28 (size before relaxing)
 .debug_str     0x000baa79     0x130d C:\Users\Youss\Documents\MCUXpressoIDE_11.4.0_6237\workspace\lab 2\LPC55S69\mcuxpresso\libpower_hardabi.a(fsl_power_lib.o)
                               0x34ab (size before relaxing)

.comment        0x00000000       0xc6
 .comment       0x00000000       0x4d ./utilities/fsl_debug_console.o
                                 0x4e (size before relaxing)
 .comment       0x0000004d       0x4e ./utilities/fsl_str.o
 .comment       0x0000004d       0x4e ./startup/startup_lpc55s69_cm33_core0.o
 .comment       0x0000004d       0x4e ./source/lab 2.o
 .comment       0x0000004d       0x4e ./source/semihost_hardfault.o
 .comment       0x0000004d       0x4e ./drivers/fsl_clock.o
 .comment       0x0000004d       0x4e ./drivers/fsl_common_arm.o
 .comment       0x0000004d       0x4e ./drivers/fsl_flexcomm.o
 .comment       0x0000004d       0x4e ./drivers/fsl_reset.o
 .comment       0x0000004d       0x4e ./drivers/fsl_usart.o
 .comment       0x0000004d       0x4e ./device/system_LPC55S69_cm33_core0.o
 .comment       0x0000004d       0x4e ./component/uart/fsl_adapter_usart.o
 .comment       0x0000004d       0x4e ./component/serial_manager/fsl_component_serial_manager.o
 .comment       0x0000004d       0x4e ./component/serial_manager/fsl_component_serial_port_uart.o
 .comment       0x0000004d       0x4e ./board/board.o
 .comment       0x0000004d       0x4e ./board/clock_config.o
 .comment       0x0000004d       0x4e ./board/peripherals.o
 .comment       0x0000004d       0x4e ./board/pin_mux.o
 .comment       0x0000004d       0x79 C:\Users\Youss\Documents\MCUXpressoIDE_11.4.0_6237\workspace\lab 2\LPC55S69\mcuxpresso\libpower_hardabi.a(fsl_power_lib.o)
                                 0x7a (size before relaxing)
 .comment       0x000000c6       0x4e c:/nxp/mcuxpressoide_11.4.0_6237/ide/plugins/com.nxp.mcuxpresso.tools.win32_11.4.0.202103011116/tools/bin/../lib/gcc/arm-none-eabi/10.2.1/../../../../arm-none-eabi/lib/thumb/v8-m.main+fp/hard\libcr_nohost_nf.a(_cr__main.o)
 .comment       0x000000c6       0x4e c:/nxp/mcuxpressoide_11.4.0_6237/ide/plugins/com.nxp.mcuxpresso.tools.win32_11.4.0.202103011116/tools/bin/../lib/gcc/arm-none-eabi/10.2.1/../../../../arm-none-eabi/lib/thumb/v8-m.main+fp/hard\libcr_nohost_nf.a(_cr_assert.o)
 .comment       0x000000c6       0x4e c:/nxp/mcuxpressoide_11.4.0_6237/ide/plugins/com.nxp.mcuxpresso.tools.win32_11.4.0.202103011116/tools/bin/../lib/gcc/arm-none-eabi/10.2.1/../../../../arm-none-eabi/lib/thumb/v8-m.main+fp/hard\libcr_nohost_nf.a(__ciob.o)
 .comment       0x000000c6       0x4e c:/nxp/mcuxpressoide_11.4.0_6237/ide/plugins/com.nxp.mcuxpresso.tools.win32_11.4.0.202103011116/tools/bin/../lib/gcc/arm-none-eabi/10.2.1/../../../../arm-none-eabi/lib/thumb/v8-m.main+fp/hard\libcr_nohost_nf.a(__sys_appexit.o)
 .comment       0x000000c6       0x4e c:/nxp/mcuxpressoide_11.4.0_6237/ide/plugins/com.nxp.mcuxpresso.tools.win32_11.4.0.202103011116/tools/bin/../lib/gcc/arm-none-eabi/10.2.1/../../../../arm-none-eabi/lib/thumb/v8-m.main+fp/hard\libcr_c.a(memset.o)
 .comment       0x000000c6       0x4e c:/nxp/mcuxpressoide_11.4.0_6237/ide/plugins/com.nxp.mcuxpresso.tools.win32_11.4.0.202103011116/tools/bin/../lib/gcc/arm-none-eabi/10.2.1/../../../../arm-none-eabi/lib/thumb/v8-m.main+fp/hard\libcr_c.a(_deferredlazyseek.o)
 .comment       0x000000c6       0x4e c:/nxp/mcuxpressoide_11.4.0_6237/ide/plugins/com.nxp.mcuxpresso.tools.win32_11.4.0.202103011116/tools/bin/../lib/gcc/arm-none-eabi/10.2.1/../../../../arm-none-eabi/lib/thumb/v8-m.main+fp/hard\libcr_c.a(_fflush.o)
 .comment       0x000000c6       0x4e c:/nxp/mcuxpressoide_11.4.0_6237/ide/plugins/com.nxp.mcuxpresso.tools.win32_11.4.0.202103011116/tools/bin/../lib/gcc/arm-none-eabi/10.2.1/../../../../arm-none-eabi/lib/thumb/v8-m.main+fp/hard\libcr_c.a(_writebuf.o)
 .comment       0x000000c6       0x4e c:/nxp/mcuxpressoide_11.4.0_6237/ide/plugins/com.nxp.mcuxpresso.tools.win32_11.4.0.202103011116/tools/bin/../lib/gcc/arm-none-eabi/10.2.1/../../../../arm-none-eabi/lib/thumb/v8-m.main+fp/hard\libcr_c.a(alloc.o)
 .comment       0x000000c6       0x4e c:/nxp/mcuxpressoide_11.4.0_6237/ide/plugins/com.nxp.mcuxpresso.tools.win32_11.4.0.202103011116/tools/bin/../lib/gcc/arm-none-eabi/10.2.1/../../../../arm-none-eabi/lib/thumb/v8-m.main+fp/hard\libcr_c.a(errno.o)
 .comment       0x000000c6       0x4e c:/nxp/mcuxpressoide_11.4.0_6237/ide/plugins/com.nxp.mcuxpresso.tools.win32_11.4.0.202103011116/tools/bin/../lib/gcc/arm-none-eabi/10.2.1/../../../../arm-none-eabi/lib/thumb/v8-m.main+fp/hard\libcr_c.a(fputs.o)
 .comment       0x000000c6       0x4e c:/nxp/mcuxpressoide_11.4.0_6237/ide/plugins/com.nxp.mcuxpresso.tools.win32_11.4.0.202103011116/tools/bin/../lib/gcc/arm-none-eabi/10.2.1/../../../../arm-none-eabi/lib/thumb/v8-m.main+fp/hard\libcr_c.a(fseek.o)
 .comment       0x000000c6       0x4e c:/nxp/mcuxpressoide_11.4.0_6237/ide/plugins/com.nxp.mcuxpresso.tools.win32_11.4.0.202103011116/tools/bin/../lib/gcc/arm-none-eabi/10.2.1/../../../../arm-none-eabi/lib/thumb/v8-m.main+fp/hard\libcr_c.a(ftell.o)
 .comment       0x000000c6       0x4e c:/nxp/mcuxpressoide_11.4.0_6237/ide/plugins/com.nxp.mcuxpresso.tools.win32_11.4.0.202103011116/tools/bin/../lib/gcc/arm-none-eabi/10.2.1/../../../../arm-none-eabi/lib/thumb/v8-m.main+fp/hard\libcr_c.a(initio.o)
 .comment       0x000000c6       0x4e c:/nxp/mcuxpressoide_11.4.0_6237/ide/plugins/com.nxp.mcuxpresso.tools.win32_11.4.0.202103011116/tools/bin/../lib/gcc/arm-none-eabi/10.2.1/../../../../arm-none-eabi/lib/thumb/v8-m.main+fp/hard\libcr_c.a(setvbuf.o)
 .comment       0x000000c6       0x4e c:/nxp/mcuxpressoide_11.4.0_6237/ide/plugins/com.nxp.mcuxpresso.tools.win32_11.4.0.202103011116/tools/bin/../lib/gcc/arm-none-eabi/10.2.1/../../../../arm-none-eabi/lib/thumb/v8-m.main+fp/hard\libcr_c.a(strlen.o)
 .comment       0x000000c6       0x4e c:/nxp/mcuxpressoide_11.4.0_6237/ide/plugins/com.nxp.mcuxpresso.tools.win32_11.4.0.202103011116/tools/bin/../lib/gcc/arm-none-eabi/10.2.1/../../../../arm-none-eabi/lib/thumb/v8-m.main+fp/hard\libcr_c.a(__init_alloc.o)
 .comment       0x000000c6       0x4e c:/nxp/mcuxpressoide_11.4.0_6237/ide/plugins/com.nxp.mcuxpresso.tools.win32_11.4.0.202103011116/tools/bin/../lib/gcc/arm-none-eabi/10.2.1/../../../../arm-none-eabi/lib/thumb/v8-m.main+fp/hard\libcr_c.a(_cr_sbrk.o)
 .comment       0x000000c6       0x4e c:/nxp/mcuxpressoide_11.4.0_6237/ide/plugins/com.nxp.mcuxpresso.tools.win32_11.4.0.202103011116/tools/bin/../lib/gcc/arm-none-eabi/10.2.1/../../../../arm-none-eabi/lib/thumb/v8-m.main+fp/hard\libcr_c.a(_fdopen.o)
 .comment       0x000000c6       0x4e c:/nxp/mcuxpressoide_11.4.0_6237/ide/plugins/com.nxp.mcuxpresso.tools.win32_11.4.0.202103011116/tools/bin/../lib/gcc/arm-none-eabi/10.2.1/../../../../arm-none-eabi/lib/thumb/v8-m.main+fp/hard\libcr_c.a(fclose.o)
 .comment       0x000000c6       0x4e c:/nxp/mcuxpressoide_11.4.0_6237/ide/plugins/com.nxp.mcuxpresso.tools.win32_11.4.0.202103011116/tools/bin/../lib/gcc/arm-none-eabi/10.2.1/../../../../arm-none-eabi/lib/thumb/v8-m.main+fp/hard\libcr_c.a(fflush.o)
 .comment       0x000000c6       0x4e c:/nxp/mcuxpressoide_11.4.0_6237/ide/plugins/com.nxp.mcuxpresso.tools.win32_11.4.0.202103011116/tools/bin/../lib/gcc/arm-none-eabi/10.2.1/../../../../arm-none-eabi/lib/thumb/v8-m.main+fp/hard\libcr_c.a(remove.o)
 .comment       0x000000c6       0x4e c:/nxp/mcuxpressoide_11.4.0_6237/ide/plugins/com.nxp.mcuxpresso.tools.win32_11.4.0.202103011116/tools/bin/../lib/gcc/arm-none-eabi/10.2.1/../../../../arm-none-eabi/lib/thumb/v8-m.main+fp/hard\libcr_c.a(_cr_check_heap.o)
 .comment       0x000000c6       0x4e c:/nxp/mcuxpressoide_11.4.0_6237/ide/plugins/com.nxp.mcuxpresso.tools.win32_11.4.0.202103011116/tools/bin/../lib/gcc/arm-none-eabi/10.2.1/../../../../arm-none-eabi/lib/thumb/v8-m.main+fp/hard\libcr_c.a(_do_fflush.o)
 .comment       0x000000c6       0x4e c:/nxp/mcuxpressoide_11.4.0_6237/ide/plugins/com.nxp.mcuxpresso.tools.win32_11.4.0.202103011116/tools/bin/../lib/gcc/arm-none-eabi/10.2.1/../../../../arm-none-eabi/lib/thumb/v8-m.main+fp/hard\libcr_nohost_nf.a(__sys_close.o)
 .comment       0x000000c6       0x4e c:/nxp/mcuxpressoide_11.4.0_6237/ide/plugins/com.nxp.mcuxpresso.tools.win32_11.4.0.202103011116/tools/bin/../lib/gcc/arm-none-eabi/10.2.1/../../../../arm-none-eabi/lib/thumb/v8-m.main+fp/hard\libcr_nohost_nf.a(__sys_flen.o)
 .comment       0x000000c6       0x4e c:/nxp/mcuxpressoide_11.4.0_6237/ide/plugins/com.nxp.mcuxpresso.tools.win32_11.4.0.202103011116/tools/bin/../lib/gcc/arm-none-eabi/10.2.1/../../../../arm-none-eabi/lib/thumb/v8-m.main+fp/hard\libcr_nohost_nf.a(__sys_istty.o)
 .comment       0x000000c6       0x4e c:/nxp/mcuxpressoide_11.4.0_6237/ide/plugins/com.nxp.mcuxpresso.tools.win32_11.4.0.202103011116/tools/bin/../lib/gcc/arm-none-eabi/10.2.1/../../../../arm-none-eabi/lib/thumb/v8-m.main+fp/hard\libcr_nohost_nf.a(__sys_remove.o)
 .comment       0x000000c6       0x4e c:/nxp/mcuxpressoide_11.4.0_6237/ide/plugins/com.nxp.mcuxpresso.tools.win32_11.4.0.202103011116/tools/bin/../lib/gcc/arm-none-eabi/10.2.1/../../../../arm-none-eabi/lib/thumb/v8-m.main+fp/hard\libcr_nohost_nf.a(__sys_seek.o)
 .comment       0x000000c6       0x4e c:/nxp/mcuxpressoide_11.4.0_6237/ide/plugins/com.nxp.mcuxpresso.tools.win32_11.4.0.202103011116/tools/bin/../lib/gcc/arm-none-eabi/10.2.1/../../../../arm-none-eabi/lib/thumb/v8-m.main+fp/hard\libcr_nohost_nf.a(__sys_tmpnam.o)
 .comment       0x000000c6       0x4e c:/nxp/mcuxpressoide_11.4.0_6237/ide/plugins/com.nxp.mcuxpresso.tools.win32_11.4.0.202103011116/tools/bin/../lib/gcc/arm-none-eabi/10.2.1/../../../../arm-none-eabi/lib/thumb/v8-m.main+fp/hard\libcr_nohost_nf.a(__sys_write.o)

.ARM.attributes
                0x00000000       0x38
 .ARM.attributes
                0x00000000       0x3a ./utilities/fsl_debug_console.o
 .ARM.attributes
                0x0000003a       0x3a ./utilities/fsl_str.o
 .ARM.attributes
                0x00000074       0x3a ./startup/startup_lpc55s69_cm33_core0.o
 .ARM.attributes
                0x000000ae       0x3a ./source/lab 2.o
 .ARM.attributes
                0x000000e8       0x3a ./source/semihost_hardfault.o
 .ARM.attributes
                0x00000122       0x3a ./drivers/fsl_clock.o
 .ARM.attributes
                0x0000015c       0x3a ./drivers/fsl_common_arm.o
 .ARM.attributes
                0x00000196       0x3a ./drivers/fsl_flexcomm.o
 .ARM.attributes
                0x000001d0       0x3a ./drivers/fsl_reset.o
 .ARM.attributes
                0x0000020a       0x3a ./drivers/fsl_usart.o
 .ARM.attributes
                0x00000244       0x3a ./device/system_LPC55S69_cm33_core0.o
 .ARM.attributes
                0x0000027e       0x3a ./component/uart/fsl_adapter_usart.o
 .ARM.attributes
                0x000002b8       0x3a ./component/serial_manager/fsl_component_serial_manager.o
 .ARM.attributes
                0x000002f2       0x3a ./component/serial_manager/fsl_component_serial_port_uart.o
 .ARM.attributes
                0x0000032c       0x3a ./board/board.o
 .ARM.attributes
                0x00000366       0x3a ./board/clock_config.o
 .ARM.attributes
                0x000003a0       0x3a ./board/peripherals.o
 .ARM.attributes
                0x000003da       0x3a ./board/pin_mux.o
 .ARM.attributes
                0x00000414       0x3a C:\Users\Youss\Documents\MCUXpressoIDE_11.4.0_6237\workspace\lab 2\LPC55S69\mcuxpresso\libpower_hardabi.a(fsl_power_lib.o)
 .ARM.attributes
                0x0000044e       0x3a c:/nxp/mcuxpressoide_11.4.0_6237/ide/plugins/com.nxp.mcuxpresso.tools.win32_11.4.0.202103011116/tools/bin/../lib/gcc/arm-none-eabi/10.2.1/../../../../arm-none-eabi/lib/thumb/v8-m.main+fp/hard\libcr_nohost_nf.a(_cr__main.o)
 .ARM.attributes
                0x00000488       0x3a c:/nxp/mcuxpressoide_11.4.0_6237/ide/plugins/com.nxp.mcuxpresso.tools.win32_11.4.0.202103011116/tools/bin/../lib/gcc/arm-none-eabi/10.2.1/../../../../arm-none-eabi/lib/thumb/v8-m.main+fp/hard\libcr_nohost_nf.a(_cr_assert.o)
 .ARM.attributes
                0x000004c2       0x3c c:/nxp/mcuxpressoide_11.4.0_6237/ide/plugins/com.nxp.mcuxpresso.tools.win32_11.4.0.202103011116/tools/bin/../lib/gcc/arm-none-eabi/10.2.1/../../../../arm-none-eabi/lib/thumb/v8-m.main+fp/hard\libcr_nohost_nf.a(__ciob.o)
 .ARM.attributes
                0x000004fe       0x3a c:/nxp/mcuxpressoide_11.4.0_6237/ide/plugins/com.nxp.mcuxpresso.tools.win32_11.4.0.202103011116/tools/bin/../lib/gcc/arm-none-eabi/10.2.1/../../../../arm-none-eabi/lib/thumb/v8-m.main+fp/hard\libcr_nohost_nf.a(__sys_appexit.o)
 .ARM.attributes
                0x00000538       0x3a c:/nxp/mcuxpressoide_11.4.0_6237/ide/plugins/com.nxp.mcuxpresso.tools.win32_11.4.0.202103011116/tools/bin/../lib/gcc/arm-none-eabi/10.2.1/../../../../arm-none-eabi/lib/thumb/v8-m.main+fp/hard\libcr_c.a(memset.o)
 .ARM.attributes
                0x00000572       0x3a c:/nxp/mcuxpressoide_11.4.0_6237/ide/plugins/com.nxp.mcuxpresso.tools.win32_11.4.0.202103011116/tools/bin/../lib/gcc/arm-none-eabi/10.2.1/../../../../arm-none-eabi/lib/thumb/v8-m.main+fp/hard\libcr_c.a(_deferredlazyseek.o)
 .ARM.attributes
                0x000005ac       0x3a c:/nxp/mcuxpressoide_11.4.0_6237/ide/plugins/com.nxp.mcuxpresso.tools.win32_11.4.0.202103011116/tools/bin/../lib/gcc/arm-none-eabi/10.2.1/../../../../arm-none-eabi/lib/thumb/v8-m.main+fp/hard\libcr_c.a(_fflush.o)
 .ARM.attributes
                0x000005e6       0x3a c:/nxp/mcuxpressoide_11.4.0_6237/ide/plugins/com.nxp.mcuxpresso.tools.win32_11.4.0.202103011116/tools/bin/../lib/gcc/arm-none-eabi/10.2.1/../../../../arm-none-eabi/lib/thumb/v8-m.main+fp/hard\libcr_c.a(_writebuf.o)
 .ARM.attributes
                0x00000620       0x3a c:/nxp/mcuxpressoide_11.4.0_6237/ide/plugins/com.nxp.mcuxpresso.tools.win32_11.4.0.202103011116/tools/bin/../lib/gcc/arm-none-eabi/10.2.1/../../../../arm-none-eabi/lib/thumb/v8-m.main+fp/hard\libcr_c.a(alloc.o)
 .ARM.attributes
                0x0000065a       0x3c c:/nxp/mcuxpressoide_11.4.0_6237/ide/plugins/com.nxp.mcuxpresso.tools.win32_11.4.0.202103011116/tools/bin/../lib/gcc/arm-none-eabi/10.2.1/../../../../arm-none-eabi/lib/thumb/v8-m.main+fp/hard\libcr_c.a(errno.o)
 .ARM.attributes
                0x00000696       0x3a c:/nxp/mcuxpressoide_11.4.0_6237/ide/plugins/com.nxp.mcuxpresso.tools.win32_11.4.0.202103011116/tools/bin/../lib/gcc/arm-none-eabi/10.2.1/../../../../arm-none-eabi/lib/thumb/v8-m.main+fp/hard\libcr_c.a(fputs.o)
 .ARM.attributes
                0x000006d0       0x3a c:/nxp/mcuxpressoide_11.4.0_6237/ide/plugins/com.nxp.mcuxpresso.tools.win32_11.4.0.202103011116/tools/bin/../lib/gcc/arm-none-eabi/10.2.1/../../../../arm-none-eabi/lib/thumb/v8-m.main+fp/hard\libcr_c.a(fseek.o)
 .ARM.attributes
                0x0000070a       0x3a c:/nxp/mcuxpressoide_11.4.0_6237/ide/plugins/com.nxp.mcuxpresso.tools.win32_11.4.0.202103011116/tools/bin/../lib/gcc/arm-none-eabi/10.2.1/../../../../arm-none-eabi/lib/thumb/v8-m.main+fp/hard\libcr_c.a(ftell.o)
 .ARM.attributes
                0x00000744       0x3a c:/nxp/mcuxpressoide_11.4.0_6237/ide/plugins/com.nxp.mcuxpresso.tools.win32_11.4.0.202103011116/tools/bin/../lib/gcc/arm-none-eabi/10.2.1/../../../../arm-none-eabi/lib/thumb/v8-m.main+fp/hard\libcr_c.a(initio.o)
 .ARM.attributes
                0x0000077e       0x3a c:/nxp/mcuxpressoide_11.4.0_6237/ide/plugins/com.nxp.mcuxpresso.tools.win32_11.4.0.202103011116/tools/bin/../lib/gcc/arm-none-eabi/10.2.1/../../../../arm-none-eabi/lib/thumb/v8-m.main+fp/hard\libcr_c.a(setvbuf.o)
 .ARM.attributes
                0x000007b8       0x3a c:/nxp/mcuxpressoide_11.4.0_6237/ide/plugins/com.nxp.mcuxpresso.tools.win32_11.4.0.202103011116/tools/bin/../lib/gcc/arm-none-eabi/10.2.1/../../../../arm-none-eabi/lib/thumb/v8-m.main+fp/hard\libcr_c.a(strlen.o)
 .ARM.attributes
                0x000007f2       0x3a c:/nxp/mcuxpressoide_11.4.0_6237/ide/plugins/com.nxp.mcuxpresso.tools.win32_11.4.0.202103011116/tools/bin/../lib/gcc/arm-none-eabi/10.2.1/../../../../arm-none-eabi/lib/thumb/v8-m.main+fp/hard\libcr_c.a(__init_alloc.o)
 .ARM.attributes
                0x0000082c       0x3a c:/nxp/mcuxpressoide_11.4.0_6237/ide/plugins/com.nxp.mcuxpresso.tools.win32_11.4.0.202103011116/tools/bin/../lib/gcc/arm-none-eabi/10.2.1/../../../../arm-none-eabi/lib/thumb/v8-m.main+fp/hard\libcr_c.a(_cr_sbrk.o)
 .ARM.attributes
                0x00000866       0x3a c:/nxp/mcuxpressoide_11.4.0_6237/ide/plugins/com.nxp.mcuxpresso.tools.win32_11.4.0.202103011116/tools/bin/../lib/gcc/arm-none-eabi/10.2.1/../../../../arm-none-eabi/lib/thumb/v8-m.main+fp/hard\libcr_c.a(_fdopen.o)
 .ARM.attributes
                0x000008a0       0x3a c:/nxp/mcuxpressoide_11.4.0_6237/ide/plugins/com.nxp.mcuxpresso.tools.win32_11.4.0.202103011116/tools/bin/../lib/gcc/arm-none-eabi/10.2.1/../../../../arm-none-eabi/lib/thumb/v8-m.main+fp/hard\libcr_c.a(fclose.o)
 .ARM.attributes
                0x000008da       0x3a c:/nxp/mcuxpressoide_11.4.0_6237/ide/plugins/com.nxp.mcuxpresso.tools.win32_11.4.0.202103011116/tools/bin/../lib/gcc/arm-none-eabi/10.2.1/../../../../arm-none-eabi/lib/thumb/v8-m.main+fp/hard\libcr_c.a(fflush.o)
 .ARM.attributes
                0x00000914       0x3a c:/nxp/mcuxpressoide_11.4.0_6237/ide/plugins/com.nxp.mcuxpresso.tools.win32_11.4.0.202103011116/tools/bin/../lib/gcc/arm-none-eabi/10.2.1/../../../../arm-none-eabi/lib/thumb/v8-m.main+fp/hard\libcr_c.a(remove.o)
 .ARM.attributes
                0x0000094e       0x3a c:/nxp/mcuxpressoide_11.4.0_6237/ide/plugins/com.nxp.mcuxpresso.tools.win32_11.4.0.202103011116/tools/bin/../lib/gcc/arm-none-eabi/10.2.1/../../../../arm-none-eabi/lib/thumb/v8-m.main+fp/hard\libcr_c.a(_cr_check_heap.o)
 .ARM.attributes
                0x00000988       0x3a c:/nxp/mcuxpressoide_11.4.0_6237/ide/plugins/com.nxp.mcuxpresso.tools.win32_11.4.0.202103011116/tools/bin/../lib/gcc/arm-none-eabi/10.2.1/../../../../arm-none-eabi/lib/thumb/v8-m.main+fp/hard\libcr_c.a(_do_fflush.o)
 .ARM.attributes
                0x000009c2       0x26 c:/nxp/mcuxpressoide_11.4.0_6237/ide/plugins/com.nxp.mcuxpresso.tools.win32_11.4.0.202103011116/tools/bin/../lib/gcc/arm-none-eabi/10.2.1/thumb/v8-m.main+fp/hard\libcr_eabihelpers.a(division_64.o)
 .ARM.attributes
                0x000009e8       0x26 c:/nxp/mcuxpressoide_11.4.0_6237/ide/plugins/com.nxp.mcuxpresso.tools.win32_11.4.0.202103011116/tools/bin/../lib/gcc/arm-none-eabi/10.2.1/thumb/v8-m.main+fp/hard\libcr_eabihelpers.a(division_idiv0.o)
 .ARM.attributes
                0x00000a0e       0x26 c:/nxp/mcuxpressoide_11.4.0_6237/ide/plugins/com.nxp.mcuxpresso.tools.win32_11.4.0.202103011116/tools/bin/../lib/gcc/arm-none-eabi/10.2.1/thumb/v8-m.main+fp/hard\libcr_eabihelpers.a(memcpy.o)
 .ARM.attributes
                0x00000a34       0x3a c:/nxp/mcuxpressoide_11.4.0_6237/ide/plugins/com.nxp.mcuxpresso.tools.win32_11.4.0.202103011116/tools/bin/../lib/gcc/arm-none-eabi/10.2.1/../../../../arm-none-eabi/lib/thumb/v8-m.main+fp/hard\libcr_nohost_nf.a(__sys_close.o)
 .ARM.attributes
                0x00000a6e       0x3a c:/nxp/mcuxpressoide_11.4.0_6237/ide/plugins/com.nxp.mcuxpresso.tools.win32_11.4.0.202103011116/tools/bin/../lib/gcc/arm-none-eabi/10.2.1/../../../../arm-none-eabi/lib/thumb/v8-m.main+fp/hard\libcr_nohost_nf.a(__sys_flen.o)
 .ARM.attributes
                0x00000aa8       0x3a c:/nxp/mcuxpressoide_11.4.0_6237/ide/plugins/com.nxp.mcuxpresso.tools.win32_11.4.0.202103011116/tools/bin/../lib/gcc/arm-none-eabi/10.2.1/../../../../arm-none-eabi/lib/thumb/v8-m.main+fp/hard\libcr_nohost_nf.a(__sys_istty.o)
 .ARM.attributes
                0x00000ae2       0x3a c:/nxp/mcuxpressoide_11.4.0_6237/ide/plugins/com.nxp.mcuxpresso.tools.win32_11.4.0.202103011116/tools/bin/../lib/gcc/arm-none-eabi/10.2.1/../../../../arm-none-eabi/lib/thumb/v8-m.main+fp/hard\libcr_nohost_nf.a(__sys_remove.o)
 .ARM.attributes
                0x00000b1c       0x3a c:/nxp/mcuxpressoide_11.4.0_6237/ide/plugins/com.nxp.mcuxpresso.tools.win32_11.4.0.202103011116/tools/bin/../lib/gcc/arm-none-eabi/10.2.1/../../../../arm-none-eabi/lib/thumb/v8-m.main+fp/hard\libcr_nohost_nf.a(__sys_seek.o)
 .ARM.attributes
                0x00000b56       0x3a c:/nxp/mcuxpressoide_11.4.0_6237/ide/plugins/com.nxp.mcuxpresso.tools.win32_11.4.0.202103011116/tools/bin/../lib/gcc/arm-none-eabi/10.2.1/../../../../arm-none-eabi/lib/thumb/v8-m.main+fp/hard\libcr_nohost_nf.a(__sys_tmpnam.o)
 .ARM.attributes
                0x00000b90       0x3a c:/nxp/mcuxpressoide_11.4.0_6237/ide/plugins/com.nxp.mcuxpresso.tools.win32_11.4.0.202103011116/tools/bin/../lib/gcc/arm-none-eabi/10.2.1/../../../../arm-none-eabi/lib/thumb/v8-m.main+fp/hard\libcr_nohost_nf.a(__sys_write.o)

.debug_frame    0x00000000     0x28c8
 .debug_frame   0x00000000      0x28c ./utilities/fsl_debug_console.o
 .debug_frame   0x0000028c      0x32c ./utilities/fsl_str.o
 .debug_frame   0x000005b8      0x69c ./startup/startup_lpc55s69_cm33_core0.o
 .debug_frame   0x00000c54       0x2c ./source/lab 2.o